Archive member included to satisfy reference by file (symbol)

c:/st/stm32cubeide_1.11.0/stm32cubeide/plugins/com.st.stm32cube.ide.mcu.externaltools.gnu-tools-for-stm32.10.3-2021.10.win32_1.0.100.202210260954/tools/bin/../lib/gcc/arm-none-eabi/10.3.1/../../../../arm-none-eabi/lib/thumb/v6-m/nofp\libc_nano.a(lib_a-errno.o)
                              ./Core/Src/syscalls.o (__errno)
c:/st/stm32cubeide_1.11.0/stm32cubeide/plugins/com.st.stm32cube.ide.mcu.externaltools.gnu-tools-for-stm32.10.3-2021.10.win32_1.0.100.202210260954/tools/bin/../lib/gcc/arm-none-eabi/10.3.1/../../../../arm-none-eabi/lib/thumb/v6-m/nofp\libc_nano.a(lib_a-exit.o)
                              c:/st/stm32cubeide_1.11.0/stm32cubeide/plugins/com.st.stm32cube.ide.mcu.externaltools.gnu-tools-for-stm32.10.3-2021.10.win32_1.0.100.202210260954/tools/bin/../lib/gcc/arm-none-eabi/10.3.1/../../../../arm-none-eabi/lib/thumb/v6-m/nofp/crt0.o (exit)
c:/st/stm32cubeide_1.11.0/stm32cubeide/plugins/com.st.stm32cube.ide.mcu.externaltools.gnu-tools-for-stm32.10.3-2021.10.win32_1.0.100.202210260954/tools/bin/../lib/gcc/arm-none-eabi/10.3.1/../../../../arm-none-eabi/lib/thumb/v6-m/nofp\libc_nano.a(lib_a-impure.o)
                              c:/st/stm32cubeide_1.11.0/stm32cubeide/plugins/com.st.stm32cube.ide.mcu.externaltools.gnu-tools-for-stm32.10.3-2021.10.win32_1.0.100.202210260954/tools/bin/../lib/gcc/arm-none-eabi/10.3.1/../../../../arm-none-eabi/lib/thumb/v6-m/nofp\libc_nano.a(lib_a-exit.o) (_global_impure_ptr)
c:/st/stm32cubeide_1.11.0/stm32cubeide/plugins/com.st.stm32cube.ide.mcu.externaltools.gnu-tools-for-stm32.10.3-2021.10.win32_1.0.100.202210260954/tools/bin/../lib/gcc/arm-none-eabi/10.3.1/../../../../arm-none-eabi/lib/thumb/v6-m/nofp\libc_nano.a(lib_a-init.o)
                              c:/st/stm32cubeide_1.11.0/stm32cubeide/plugins/com.st.stm32cube.ide.mcu.externaltools.gnu-tools-for-stm32.10.3-2021.10.win32_1.0.100.202210260954/tools/bin/../lib/gcc/arm-none-eabi/10.3.1/../../../../arm-none-eabi/lib/thumb/v6-m/nofp/crt0.o (__libc_init_array)
c:/st/stm32cubeide_1.11.0/stm32cubeide/plugins/com.st.stm32cube.ide.mcu.externaltools.gnu-tools-for-stm32.10.3-2021.10.win32_1.0.100.202210260954/tools/bin/../lib/gcc/arm-none-eabi/10.3.1/../../../../arm-none-eabi/lib/thumb/v6-m/nofp\libc_nano.a(lib_a-memset.o)
                              c:/st/stm32cubeide_1.11.0/stm32cubeide/plugins/com.st.stm32cube.ide.mcu.externaltools.gnu-tools-for-stm32.10.3-2021.10.win32_1.0.100.202210260954/tools/bin/../lib/gcc/arm-none-eabi/10.3.1/../../../../arm-none-eabi/lib/thumb/v6-m/nofp/crt0.o (memset)
c:/st/stm32cubeide_1.11.0/stm32cubeide/plugins/com.st.stm32cube.ide.mcu.externaltools.gnu-tools-for-stm32.10.3-2021.10.win32_1.0.100.202210260954/tools/bin/../lib/gcc/arm-none-eabi/10.3.1/../../../../arm-none-eabi/lib/thumb/v6-m/nofp\libm.a(lib_a-s_tan.o)
                              ./Core/Src/ws2812.o (tan)
c:/st/stm32cubeide_1.11.0/stm32cubeide/plugins/com.st.stm32cube.ide.mcu.externaltools.gnu-tools-for-stm32.10.3-2021.10.win32_1.0.100.202210260954/tools/bin/../lib/gcc/arm-none-eabi/10.3.1/../../../../arm-none-eabi/lib/thumb/v6-m/nofp\libm.a(lib_a-e_rem_pio2.o)
                              c:/st/stm32cubeide_1.11.0/stm32cubeide/plugins/com.st.stm32cube.ide.mcu.externaltools.gnu-tools-for-stm32.10.3-2021.10.win32_1.0.100.202210260954/tools/bin/../lib/gcc/arm-none-eabi/10.3.1/../../../../arm-none-eabi/lib/thumb/v6-m/nofp\libm.a(lib_a-s_tan.o) (__ieee754_rem_pio2)
c:/st/stm32cubeide_1.11.0/stm32cubeide/plugins/com.st.stm32cube.ide.mcu.externaltools.gnu-tools-for-stm32.10.3-2021.10.win32_1.0.100.202210260954/tools/bin/../lib/gcc/arm-none-eabi/10.3.1/../../../../arm-none-eabi/lib/thumb/v6-m/nofp\libm.a(lib_a-k_rem_pio2.o)
                              c:/st/stm32cubeide_1.11.0/stm32cubeide/plugins/com.st.stm32cube.ide.mcu.externaltools.gnu-tools-for-stm32.10.3-2021.10.win32_1.0.100.202210260954/tools/bin/../lib/gcc/arm-none-eabi/10.3.1/../../../../arm-none-eabi/lib/thumb/v6-m/nofp\libm.a(lib_a-e_rem_pio2.o) (__kernel_rem_pio2)
c:/st/stm32cubeide_1.11.0/stm32cubeide/plugins/com.st.stm32cube.ide.mcu.externaltools.gnu-tools-for-stm32.10.3-2021.10.win32_1.0.100.202210260954/tools/bin/../lib/gcc/arm-none-eabi/10.3.1/../../../../arm-none-eabi/lib/thumb/v6-m/nofp\libm.a(lib_a-k_tan.o)
                              c:/st/stm32cubeide_1.11.0/stm32cubeide/plugins/com.st.stm32cube.ide.mcu.externaltools.gnu-tools-for-stm32.10.3-2021.10.win32_1.0.100.202210260954/tools/bin/../lib/gcc/arm-none-eabi/10.3.1/../../../../arm-none-eabi/lib/thumb/v6-m/nofp\libm.a(lib_a-s_tan.o) (__kernel_tan)
c:/st/stm32cubeide_1.11.0/stm32cubeide/plugins/com.st.stm32cube.ide.mcu.externaltools.gnu-tools-for-stm32.10.3-2021.10.win32_1.0.100.202210260954/tools/bin/../lib/gcc/arm-none-eabi/10.3.1/../../../../arm-none-eabi/lib/thumb/v6-m/nofp\libm.a(lib_a-s_fabs.o)
[...]
Memory Configuration

Name             Origin             Length             Attributes
RAM              0x0000000020000000 0x0000000000024000 xrw
FLASH            0x0000000008000000 0x0000000000020000 xr
*default*        0x0000000000000000 0xffffffffffffffff

Linker script and memory map

LOAD c:/st/stm32cubeide_1.11.0/stm32cubeide/plugins/com.st.stm32cube.ide.mcu.externaltools.gnu-tools-for-stm32.10.3-2021.10.win32_1.0.100.202210260954/tools/bin/../lib/gcc/arm-none-eabi/10.3.1/thumb/v6-m/nofp/crti.o
LOAD c:/st/stm32cubeide_1.11.0/stm32cubeide/plugins/com.st.stm32cube.ide.mcu.externaltools.gnu-tools-for-stm32.10.3-2021.10.win32_1.0.100.202210260954/tools/bin/../lib/gcc/arm-none-eabi/10.3.1/thumb/v6-m/nofp/crtbegin.o
LOAD c:/st/stm32cubeide_1.11.0/stm32cubeide/plugins/com.st.stm32cube.ide.mcu.externaltools.gnu-tools-for-stm32.10.3-2021.10.win32_1.0.100.202210260954/tools/bin/../lib/gcc/arm-none-eabi/10.3.1/../../../../arm-none-eabi/lib/thumb/v6-m/nofp/crt0.o
LOAD ./Core/Src/CANbus.o
LOAD ./Core/Src/main.o
LOAD ./Core/Src/mode.o
LOAD ./Core/Src/stm32g0xx_hal_msp.o
LOAD ./Core/Src/stm32g0xx_it.o
LOAD ./Core/Src/syscalls.o
LOAD ./Core/Src/sysmem.o
LOAD ./Core/Src/system_stm32g0xx.o
LOAD ./Core/Src/ws2812.o
LOAD ./Core/Startup/startup_stm32g0b1kbtx.o
LOAD ./Drivers/STM32G0xx_HAL_Driver/Src/stm32g0xx_hal.o
LOAD ./Drivers/STM32G0xx_HAL_Driver/Src/stm32g0xx_hal_cortex.o
LOAD ./Drivers/STM32G0xx_HAL_Driver/Src/stm32g0xx_hal_dma.o
LOAD ./Drivers/STM32G0xx_HAL_Driver/Src/stm32g0xx_hal_dma_ex.o
LOAD ./Drivers/STM32G0xx_HAL_Driver/Src/stm32g0xx_hal_exti.o
LOAD ./Drivers/STM32G0xx_HAL_Driver/Src/stm32g0xx_hal_fdcan.o
LOAD ./Drivers/STM32G0xx_HAL_Driver/Src/stm32g0xx_hal_flash.o
LOAD ./Drivers/STM32G0xx_HAL_Driver/Src/stm32g0xx_hal_flash_ex.o
LOAD ./Drivers/STM32G0xx_HAL_Driver/Src/stm32g0xx_hal_gpio.o
LOAD ./Drivers/STM32G0xx_HAL_Driver/Src/stm32g0xx_hal_pwr.o
LOAD ./Drivers/STM32G0xx_HAL_Driver/Src/stm32g0xx_hal_pwr_ex.o
LOAD ./Drivers/STM32G0xx_HAL_Driver/Src/stm32g0xx_hal_rcc.o
LOAD ./Drivers/STM32G0xx_HAL_Driver/Src/stm32g0xx_hal_rcc_ex.o
LOAD ./Drivers/STM32G0xx_HAL_Driver/Src/stm32g0xx_hal_tim.o
LOAD ./Drivers/STM32G0xx_HAL_Driver/Src/stm32g0xx_hal_tim_ex.o
LOAD ./Drivers/STM32G0xx_HAL_Driver/Src/stm32g0xx_ll_dma.o
LOAD ./Drivers/STM32G0xx_HAL_Driver/Src/stm32g0xx_ll_rcc.o
START GROUP
LOAD c:/st/stm32cubeide_1.11.0/stm32cubeide/plugins/com.st.stm32cube.ide.mcu.externaltools.gnu-tools-for-stm32.10.3-2021.10.win32_1.0.100.202210260954/tools/bin/../lib/gcc/arm-none-eabi/10.3.1/../../../../arm-none-eabi/lib/thumb/v6-m/nofp\libc_nano.a
LOAD c:/st/stm32cubeide_1.11.0/stm32cubeide/plugins/com.st.stm32cube.ide.mcu.externaltools.gnu-tools-for-stm32.10.3-2021.10.win32_1.0.100.202210260954/tools/bin/../lib/gcc/arm-none-eabi/10.3.1/../../../../arm-none-eabi/lib/thumb/v6-m/nofp\libm.a
END GROUP
START GROUP
LOAD c:/st/stm32cubeide_1.11.0/stm32cubeide/plugins/com.st.stm32cube.ide.mcu.externaltools.gnu-tools-for-stm32.10.3-2021.10.win32_1.0.100.202210260954/tools/bin/../lib/gcc/arm-none-eabi/10.3.1/thumb/v6-m/nofp\libgcc.a
LOAD c:/st/stm32cubeide_1.11.0/stm32cubeide/plugins/com.st.stm32cube.ide.mcu.externaltools.gnu-tools-for-stm32.10.3-2021.10.win32_1.0.100.202210260954/tools/bin/../lib/gcc/arm-none-eabi/10.3.1/../../../../arm-none-eabi/lib/thumb/v6-m/nofp\libc_nano.a
END GROUP
START GROUP
LOAD c:/st/stm32cubeide_1.11.0/stm32cubeide/plugins/com.st.stm32cube.ide.mcu.externaltools.gnu-tools-for-stm32.10.3-2021.10.win32_1.0.100.202210260954/tools/bin/../lib/gcc/arm-none-eabi/10.3.1/thumb/v6-m/nofp\libgcc.a
LOAD c:/st/stm32cubeide_1.11.0/stm32cubeide/plugins/com.st.stm32cube.ide.mcu.externaltools.gnu-tools-for-stm32.10.3-2021.10.win32_1.0.100.202210260954/tools/bin/../lib/gcc/arm-none-eabi/10.3.1/../../../../arm-none-eabi/lib/thumb/v6-m/nofp\libc_nano.a
LOAD c:/st/stm32cubeide_1.11.0/stm32cubeide/plugins/com.st.stm32cube.ide.mcu.externaltools.gnu-tools-for-stm32.10.3-2021.10.win32_1.0.100.202210260954/tools/bin/../lib/gcc/arm-none-eabi/10.3.1/../../../../arm-none-eabi/lib/thumb/v6-m/nofp\libnosys.a
END GROUP
START GROUP
LOAD c:/st/stm32cubeide_1.11.0/stm32cubeide/plugins/com.st.stm32cube.ide.mcu.externaltools.gnu-tools-for-stm32.10.3-2021.10.win32_1.0.100.202210260954/tools/bin/../lib/gcc/arm-none-eabi/10.3.1/thumb/v6-m/nofp\libgcc.a
LOAD c:/st/stm32cubeide_1.11.0/stm32cubeide/plugins/com.st.stm32cube.ide.mcu.externaltools.gnu-tools-for-stm32.10.3-2021.10.win32_1.0.100.202210260954/tools/bin/../lib/gcc/arm-none-eabi/10.3.1/../../../../arm-none-eabi/lib/thumb/v6-m/nofp\libc_nano.a
LOAD c:/st/stm32cubeide_1.11.0/stm32cubeide/plugins/com.st.stm32cube.ide.mcu.externaltools.gnu-tools-for-stm32.10.3-2021.10.win32_1.0.100.202210260954/tools/bin/../lib/gcc/arm-none-eabi/10.3.1/../../../../arm-none-eabi/lib/thumb/v6-m/nofp\libnosys.a
END GROUP
LOAD c:/st/stm32cubeide_1.11.0/stm32cubeide/plugins/com.st.stm32cube.ide.mcu.externaltools.gnu-tools-for-stm32.10.3-2021.10.win32_1.0.100.202210260954/tools/bin/../lib/gcc/arm-none-eabi/10.3.1/thumb/v6-m/nofp/crtend.o
LOAD c:/st/stm32cubeide_1.11.0/stm32cubeide/plugins/com.st.stm32cube.ide.mcu.externaltools.gnu-tools-for-stm32.10.3-2021.10.win32_1.0.100.202210260954/tools/bin/../lib/gcc/arm-none-eabi/10.3.1/thumb/v6-m/nofp/crtn.o
                0x0000000020024000                _estack = (ORIGIN (RAM) + LENGTH (RAM))
                0x0000000000000200                _Min_Heap_Size = 0x200
                0x0000000000000400                _Min_Stack_Size = 0x400

.isr_vector     0x0000000008000000       0xbc
                0x0000000008000000                . = ALIGN (0x4)
 *(.isr_vector)
 .isr_vector    0x0000000008000000       0xbc ./Core/Startup/startup_stm32g0b1kbtx.o
                0x0000000008000000                g_pfnVectors
                0x00000000080000bc                . = ALIGN (0x4)

.text           0x00000000080000bc     0xa014
                0x00000000080000bc                . = ALIGN (0x4)
 *(.text)
 .text          0x00000000080000bc       0x48 c:/st/stm32cubeide_1.11.0/stm32cubeide/plugins/com.st.stm32cube.ide.mcu.externaltools.gnu-tools-for-stm32.10.3-2021.10.win32_1.0.100.202210260954/tools/bin/../lib/gcc/arm-none-eabi/10.3.1/thumb/v6-m/nofp/crtbegin.o
 .text          0x0000000008000104      0x114 c:/st/stm32cubeide_1.11.0/stm32cubeide/plugins/com.st.stm32cube.ide.mcu.externaltools.gnu-tools-for-stm32.10.3-2021.10.win32_1.0.100.202210260954/tools/bin/../lib/gcc/arm-none-eabi/10.3.1/thumb/v6-m/nofp\libgcc.a(_udivsi3.o)
                0x0000000008000104                __aeabi_uidiv
                0x0000000008000104                __udivsi3
                0x0000000008000210                __aeabi_uidivmod
 .text          0x0000000008000218      0x1d4 c:/st/stm32cubeide_1.11.0/stm32cubeide/plugins/com.st.stm32cube.ide.mcu.externaltools.gnu-tools-for-stm32.10.3-2021.10.win32_1.0.100.202210260954/tools/bin/../lib/gcc/arm-none-eabi/10.3.1/thumb/v6-m/nofp\libgcc.a(_divsi3.o)
                0x0000000008000218                __divsi3
                0x0000000008000218                __aeabi_idiv
                0x00000000080003e4                __aeabi_idivmod
 .text          0x00000000080003ec        0x4 c:/st/stm32cubeide_1.11.0/stm32cubeide/plugins/com.st.stm32cube.ide.mcu.externaltools.gnu-tools-for-stm32.10.3-2021.10.win32_1.0.100.202210260954/tools/bin/../lib/gcc/arm-none-eabi/10.3.1/thumb/v6-m/nofp\libgcc.a(_dvmd_tls.o)
                0x00000000080003ec                __aeabi_idiv0
                0x00000000080003ec                __aeabi_ldiv0
 .text          0x00000000080003f0       0x7c c:/st/stm32cubeide_1.11.0/stm32cubeide/plugins/com.st.stm32cube.ide.mcu.externaltools.gnu-tools-for-stm32.10.3-2021.10.win32_1.0.100.202210260954/tools/bin/../lib/gcc/arm-none-eabi/10.3.1/thumb/v6-m/nofp\libgcc.a(_arm_cmpdf2.o)
                0x00000000080003f0                __aeabi_cdrcmple
                0x0000000008000400                __aeabi_cdcmple
                0x0000000008000400                __aeabi_cdcmpeq
                0x0000000008000410                __aeabi_dcmpeq
                0x000000000800041c                __aeabi_dcmplt
                0x0000000008000430                __aeabi_dcmple
                0x0000000008000444                __aeabi_dcmpgt
                0x0000000008000458                __aeabi_dcmpge
 .text          0x000000000800046c       0x74 c:/st/stm32cubeide_1.11.0/stm32cubeide/plugins/com.st.stm32cube.ide.mcu.externaltools.gnu-tools-for-stm32.10.3-2021.10.win32_1.0.100.202210260954/tools/bin/../lib/gcc/arm-none-eabi/10.3.1/thumb/v6-m/nofp\libgcc.a(_arm_cmpsf2.o)
                0x000000000800046c                __aeabi_cfrcmple
                0x0000000008000474                __aeabi_cfcmpeq
                0x0000000008000474                __aeabi_cfcmple
                0x0000000008000484                __aeabi_fcmpeq
                0x0000000008000490                __aeabi_fcmplt
                0x00000000080004a4                __aeabi_fcmple
                0x00000000080004b8                __aeabi_fcmpgt
                0x00000000080004cc                __aeabi_fcmpge
 .text          0x00000000080004e0       0x30 c:/st/stm32cubeide_1.11.0/stm32cubeide/plugins/com.st.stm32cube.ide.mcu.externaltools.gnu-tools-for-stm32.10.3-2021.10.win32_1.0.100.202210260954/tools/bin/../lib/gcc/arm-none-eabi/10.3.1/thumb/v6-m/nofp\libgcc.a(_fixunssfsi.o)
                0x00000000080004e0                __fixunssfsi
                0x00000000080004e0                __aeabi_f2uiz
 .text          0x0000000008000510       0x3c c:/st/stm32cubeide_1.11.0/stm32cubeide/plugins/com.st.stm32cube.ide.mcu.externaltools.gnu-tools-for-stm32.10.3-2021.10.win32_1.0.100.202210260954/tools/bin/../lib/gcc/arm-none-eabi/10.3.1/thumb/v6-m/nofp\libgcc.a(_fixunsdfsi.o)
                0x0000000008000510                __aeabi_d2uiz
                0x0000000008000510                __fixunsdfsi
 .text          0x000000000800054c      0x230 c:/st/stm32cubeide_1.11.0/stm32cubeide/plugins/com.st.stm32cube.ide.mcu.externaltools.gnu-tools-for-stm32.10.3-2021.10.win32_1.0.100.202210260954/tools/bin/../lib/gcc/arm-none-eabi/10.3.1/thumb/v6-m/nofp\libgcc.a(divsf3.o)
                0x000000000800054c                __aeabi_fdiv
 .text          0x000000000800077c       0x4c c:/st/stm32cubeide_1.11.0/stm32cubeide/plugins/com.st.stm32cube.ide.mcu.externaltools.gnu-tools-for-stm32.10.3-2021.10.win32_1.0.100.202210260954/tools/bin/../lib/gcc/arm-none-eabi/10.3.1/thumb/v6-m/nofp\libgcc.a(eqsf2.o)
                0x000000000800077c                __eqsf2
                0x000000000800077c                __nesf2
 .text          0x00000000080007c8       0x8c c:/st/stm32cubeide_1.11.0/stm32cubeide/plugins/com.st.stm32cube.ide.mcu.externaltools.gnu-tools-for-stm32.10.3-2021.10.win32_1.0.100.202210260954/tools/bin/../lib/gcc/arm-none-eabi/10.3.1/thumb/v6-m/nofp\libgcc.a(gesf2.o)
                0x00000000080007c8                __gesf2
                0x00000000080007c8                __gtsf2
 .text          0x0000000008000854       0x88 c:/st/stm32cubeide_1.11.0/stm32cubeide/plugins/com.st.stm32cube.ide.mcu.externaltools.gnu-tools-for-stm32.10.3-2021.10.win32_1.0.100.202210260954/tools/bin/../lib/gcc/arm-none-eabi/10.3.1/thumb/v6-m/nofp\libgcc.a(lesf2.o)
                0x0000000008000854                __ltsf2
                0x0000000008000854                __lesf2
 .text          0x00000000080008dc      0x24c c:/st/stm32cubeide_1.11.0/stm32cubeide/plugins/com.st.stm32cube.ide.mcu.externaltools.gnu-tools-for-stm32.10.3-2021.10.win32_1.0.100.202210260954/tools/bin/../lib/gcc/arm-none-eabi/10.3.1/thumb/v6-m/nofp\libgcc.a(mulsf3.o)
                0x00000000080008dc                __aeabi_fmul
 .text          0x0000000008000b28      0x35c c:/st/stm32cubeide_1.11.0/stm32cubeide/plugins/com.st.stm32cube.ide.mcu.externaltools.gnu-tools-for-stm32.10.3-2021.10.win32_1.0.100.202210260954/tools/bin/../lib/gcc/arm-none-eabi/10.3.1/thumb/v6-m/nofp\libgcc.a(subsf3.o)
                0x0000000008000b28                __aeabi_fsub
 .text          0x0000000008000e84       0x40 c:/st/stm32cubeide_1.11.0/stm32cubeide/plugins/com.st.stm32cube.ide.mcu.externaltools.gnu-tools-for-stm32.10.3-2021.10.win32_1.0.100.202210260954/tools/bin/../lib/gcc/arm-none-eabi/10.3.1/thumb/v6-m/nofp\libgcc.a(fixsfsi.o)
                0x0000000008000e84                __aeabi_f2iz
 .text          0x0000000008000ec4       0x9c c:/st/stm32cubeide_1.11.0/stm32cubeide/plugins/com.st.stm32cube.ide.mcu.externaltools.gnu-tools-for-stm32.10.3-2021.10.win32_1.0.100.202210260954/tools/bin/../lib/gcc/arm-none-eabi/10.3.1/thumb/v6-m/nofp\libgcc.a(floatsisf.o)
                0x0000000008000ec4                __aeabi_i2f
 .text          0x0000000008000f60      0x678 c:/st/stm32cubeide_1.11.0/stm32cubeide/plugins/com.st.stm32cube.ide.mcu.externaltools.gnu-tools-for-stm32.10.3-2021.10.win32_1.0.100.202210260954/tools/bin/../lib/gcc/arm-none-eabi/10.3.1/thumb/v6-m/nofp\libgcc.a(adddf3.o)
                0x0000000008000f60                __aeabi_dadd
 .text          0x00000000080015d8      0x5ec c:/st/stm32cubeide_1.11.0/stm32cubeide/plugins/com.st.stm32cube.ide.mcu.externaltools.gnu-tools-for-stm32.10.3-2021.10.win32_1.0.100.202210260954/tools/bin/../lib/gcc/arm-none-eabi/10.3.1/thumb/v6-m/nofp\libgcc.a(divdf3.o)
                0x00000000080015d8                __aeabi_ddiv
 .text          0x0000000008001bc4       0x84 c:/st/stm32cubeide_1.11.0/stm32cubeide/plugins/com.st.stm32cube.ide.mcu.externaltools.gnu-tools-for-stm32.10.3-2021.10.win32_1.0.100.202210260954/tools/bin/../lib/gcc/arm-none-eabi/10.3.1/thumb/v6-m/nofp\libgcc.a(eqdf2.o)
                0x0000000008001bc4                __nedf2
                0x0000000008001bc4                __eqdf2
 .text          0x0000000008001c48       0xcc c:/st/stm32cubeide_1.11.0/stm32cubeide/plugins/com.st.stm32cube.ide.mcu.externaltools.gnu-tools-for-stm32.10.3-2021.10.win32_1.0.100.202210260954/tools/bin/../lib/gcc/arm-none-eabi/10.3.1/thumb/v6-m/nofp\libgcc.a(gedf2.o)
                0x0000000008001c48                __gedf2
                0x0000000008001c48                __gtdf2
 .text          0x0000000008001d14       0xc8 c:/st/stm32cubeide_1.11.0/stm32cubeide/plugins/com.st.stm32cube.ide.mcu.externaltools.gnu-tools-for-stm32.10.3-2021.10.win32_1.0.100.202210260954/tools/bin/../lib/gcc/arm-none-eabi/10.3.1/thumb/v6-m/nofp\libgcc.a(ledf2.o)
                0x0000000008001d14                __ledf2
                0x0000000008001d14                __ltdf2
 .text          0x0000000008001ddc      0x4d8 c:/st/stm32cubeide_1.11.0/stm32cubeide/plugins/com.st.stm32cube.ide.mcu.externaltools.gnu-tools-for-stm32.10.3-2021.10.win32_1.0.100.202210260954/tools/bin/../lib/gcc/arm-none-eabi/10.3.1/thumb/v6-m/nofp\libgcc.a(muldf3.o)
                0x0000000008001ddc                __aeabi_dmul
 .text          0x00000000080022b4      0x724 c:/st/stm32cubeide_1.11.0/stm32cubeide/plugins/com.st.stm32cube.ide.mcu.externaltools.gnu-tools-for-stm32.10.3-2021.10.win32_1.0.100.202210260954/tools/bin/../lib/gcc/arm-none-eabi/10.3.1/thumb/v6-m/nofp\libgcc.a(subdf3.o)
                0x00000000080022b4                __aeabi_dsub
 .text          0x00000000080029d8       0x6c c:/st/stm32cubeide_1.11.0/stm32cubeide/plugins/com.st.stm32cube.ide.mcu.externaltools.gnu-tools-for-stm32.10.3-2021.10.win32_1.0.100.202210260954/tools/bin/../lib/gcc/arm-none-eabi/10.3.1/thumb/v6-m/nofp\libgcc.a(fixdfsi.o)
                0x00000000080029d8                __aeabi_d2iz
 .text          0x0000000008002a44       0x60 c:/st/stm32cubeide_1.11.0/stm32cubeide/plugins/com.st.stm32cube.ide.mcu.externaltools.gnu-tools-for-stm32.10.3-2021.10.win32_1.0.100.202210260954/tools/bin/../lib/gcc/arm-none-eabi/10.3.1/thumb/v6-m/nofp\libgcc.a(floatsidf.o)
                0x0000000008002a44                __aeabi_i2d
 .text          0x0000000008002aa4       0x90 c:/st/stm32cubeide_1.11.0/stm32cubeide/plugins/com.st.stm32cube.ide.mcu.externaltools.gnu-tools-for-stm32.10.3-2021.10.win32_1.0.100.202210260954/tools/bin/../lib/gcc/arm-none-eabi/10.3.1/thumb/v6-m/nofp\libgcc.a(extendsfdf2.o)
                0x0000000008002aa4                __aeabi_f2d
 .text          0x0000000008002b34      0x110 c:/st/stm32cubeide_1.11.0/stm32cubeide/plugins/com.st.stm32cube.ide.mcu.externaltools.gnu-tools-for-stm32.10.3-2021.10.win32_1.0.100.202210260954/tools/bin/../lib/gcc/arm-none-eabi/10.3.1/thumb/v6-m/nofp\libgcc.a(truncdfsf2.o)
                0x0000000008002b34                __aeabi_d2f
 .text          0x0000000008002c44       0x3c c:/st/stm32cubeide_1.11.0/stm32cubeide/plugins/com.st.stm32cube.ide.mcu.externaltools.gnu-tools-for-stm32.10.3-2021.10.win32_1.0.100.202210260954/tools/bin/../lib/gcc/arm-none-eabi/10.3.1/thumb/v6-m/nofp\libgcc.a(_clzsi2.o)
                0x0000000008002c44                __clzsi2
 *(.text*)
 .text.CAN_reset
                0x0000000008002c80       0x94 ./Core/Src/CANbus.o
                0x0000000008002c80                CAN_reset
 .text.CAN_TX   0x0000000008002d14      0x1cc ./Core/Src/CANbus.o
                0x0000000008002d14                CAN_TX
 .text.HAL_FDCAN_RxFifo0Callback
                0x0000000008002ee0      0x7c4 ./Core/Src/CANbus.o
                0x0000000008002ee0                HAL_FDCAN_RxFifo0Callback
 .text.CAN_config
                0x00000000080036a4      0x148 ./Core/Src/CANbus.o
                0x00000000080036a4                CAN_config
 .text.main     0x00000000080037ec      0x290 ./Core/Src/main.o
                0x00000000080037ec                main
 .text.SystemClock_Config
                0x0000000008003a7c       0xbc ./Core/Src/main.o
                0x0000000008003a7c                SystemClock_Config
 .text.MX_FDCAN1_Init
                0x0000000008003b38       0x90 ./Core/Src/main.o
 .text.MX_FDCAN2_Init
                0x0000000008003bc8       0x90 ./Core/Src/main.o
 .text.MX_TIM1_Init
                0x0000000008003c58      0x1b0 ./Core/Src/main.o
 .text.MX_DMA_Init
                0x0000000008003e08       0x4c ./Core/Src/main.o
 .text.MX_GPIO_Init
                0x0000000008003e54       0x44 ./Core/Src/main.o
 .text.Error_Handler
                0x0000000008003e98        0xa ./Core/Src/main.o
                0x0000000008003e98                Error_Handler
 .text.standby_mode
                0x0000000008003ea2       0x8a ./Core/Src/mode.o
                0x0000000008003ea2                standby_mode
 .text.swap_mode
                0x0000000008003f2c       0xbe ./Core/Src/mode.o
                0x0000000008003f2c                swap_mode
 *fill*         0x0000000008003fea        0x2 
 .text.charging_mode
                0x0000000008003fec      0x158 ./Core/Src/mode.o
                0x0000000008003fec                charging_mode
 .text.fault_mode
                0x0000000008004144       0xe6 ./Core/Src/mode.o
                0x0000000008004144                fault_mode
 *fill*         0x000000000800422a        0x2 
 .text.HAL_MspInit
                0x000000000800422c       0x48 ./Core/Src/stm32g0xx_hal_msp.o
                0x000000000800422c                HAL_MspInit
 .text.HAL_FDCAN_MspInit
                0x0000000008004274      0x1c0 ./Core/Src/stm32g0xx_hal_msp.o
                0x0000000008004274                HAL_FDCAN_MspInit
 .text.HAL_TIM_Base_MspInit
                0x0000000008004434      0x150 ./Core/Src/stm32g0xx_hal_msp.o
                0x0000000008004434                HAL_TIM_Base_MspInit
 .text.HAL_TIM_MspPostInit
                0x0000000008004584       0x7c ./Core/Src/stm32g0xx_hal_msp.o
                0x0000000008004584                HAL_TIM_MspPostInit
 .text.NMI_Handler
                0x0000000008004600        0x6 ./Core/Src/stm32g0xx_it.o
                0x0000000008004600                NMI_Handler
 .text.HardFault_Handler
                0x0000000008004606        0x6 ./Core/Src/stm32g0xx_it.o
                0x0000000008004606                HardFault_Handler
 .text.SVC_Handler
                0x000000000800460c        0xa ./Core/Src/stm32g0xx_it.o
                0x000000000800460c                SVC_Handler
 .text.PendSV_Handler
                0x0000000008004616        0xa ./Core/Src/stm32g0xx_it.o
                0x0000000008004616                PendSV_Handler
 .text.SysTick_Handler
                0x0000000008004620        0xe ./Core/Src/stm32g0xx_it.o
                0x0000000008004620                SysTick_Handler
 *fill*         0x000000000800462e        0x2 
 .text.DMA1_Channel1_IRQHandler
                0x0000000008004630       0x18 ./Core/Src/stm32g0xx_it.o
                0x0000000008004630                DMA1_Channel1_IRQHandler
 .text.DMA1_Channel2_3_IRQHandler
                0x0000000008004648       0x18 ./Core/Src/stm32g0xx_it.o
                0x0000000008004648                DMA1_Channel2_3_IRQHandler
 .text.TIM1_BRK_UP_TRG_COM_IRQHandler
                0x0000000008004660       0x18 ./Core/Src/stm32g0xx_it.o
                0x0000000008004660                TIM1_BRK_UP_TRG_COM_IRQHandler
 .text.TIM1_CC_IRQHandler
                0x0000000008004678       0x18 ./Core/Src/stm32g0xx_it.o
                0x0000000008004678                TIM1_CC_IRQHandler
 .text.TIM16_FDCAN_IT0_IRQHandler
                0x0000000008004690       0x24 ./Core/Src/stm32g0xx_it.o
                0x0000000008004690                TIM16_FDCAN_IT0_IRQHandler
 .text.TIM17_FDCAN_IT1_IRQHandler
                0x00000000080046b4       0x24 ./Core/Src/stm32g0xx_it.o
                0x00000000080046b4                TIM17_FDCAN_IT1_IRQHandler
 .text.SystemInit
                0x00000000080046d8        0xa ./Core/Src/system_stm32g0xx.o
                0x00000000080046d8                SystemInit
 .text.Set_LED  0x00000000080046e2       0x66 ./Core/Src/ws2812.o
                0x00000000080046e2                Set_LED
 .text.Set_Brightness
                0x0000000008004748      0x108 ./Core/Src/ws2812.o
                0x0000000008004748                Set_Brightness
 .text.WS2812_Send
                0x0000000008004850       0xf8 ./Core/Src/ws2812.o
                0x0000000008004850                WS2812_Send
 .text.send_led
                0x0000000008004948       0x3c ./Core/Src/ws2812.o
                0x0000000008004948                send_led
 .text.WS2812_Send2
                0x0000000008004984       0xf8 ./Core/Src/ws2812.o
                0x0000000008004984                WS2812_Send2
 .text.charging_led
                0x0000000008004a7c       0xe8 ./Core/Src/ws2812.o
                0x0000000008004a7c                charging_led
 .text.ready_pick_led
                0x0000000008004b64       0x90 ./Core/Src/ws2812.o
                0x0000000008004b64                ready_pick_led
 .text.swap_led
                0x0000000008004bf4       0xc8 ./Core/Src/ws2812.o
                0x0000000008004bf4                swap_led
 .text.fault_led
                0x0000000008004cbc       0x3c ./Core/Src/ws2812.o
                0x0000000008004cbc                fault_led
 .text.standby_led
                0x0000000008004cf8       0x3c ./Core/Src/ws2812.o
                0x0000000008004cf8                standby_led
 .text.HAL_TIM_PWM_PulseFinishedCallback
                0x0000000008004d34       0x50 ./Core/Src/ws2812.o
                0x0000000008004d34                HAL_TIM_PWM_PulseFinishedCallback
 .text.Reset_Handler
                0x0000000008004d84       0x50 ./Core/Startup/startup_stm32g0b1kbtx.o
                0x0000000008004d84                Reset_Handler
 .text.Default_Handler
                0x0000000008004dd4        0x2 ./Core/Startup/startup_stm32g0b1kbtx.o
                0x0000000008004dd4                I2C2_3_IRQHandler
                0x0000000008004dd4                USART3_4_5_6_LPUART1_IRQHandler
                0x0000000008004dd4                ADC1_COMP_IRQHandler
                0x0000000008004dd4                I2C1_IRQHandler
                0x0000000008004dd4                TIM7_LPTIM2_IRQHandler
                0x0000000008004dd4                DMA1_Ch4_7_DMA2_Ch1_5_DMAMUX1_OVR_IRQHandler
                0x0000000008004dd4                RCC_CRS_IRQHandler
                0x0000000008004dd4                RTC_TAMP_IRQHandler
                0x0000000008004dd4                SPI1_IRQHandler
                0x0000000008004dd4                USB_UCPD1_2_IRQHandler
                0x0000000008004dd4                EXTI2_3_IRQHandler
                0x0000000008004dd4                USART2_LPUART2_IRQHandler
                0x0000000008004dd4                PVD_VDDIO2_IRQHandler
                0x0000000008004dd4                EXTI4_15_IRQHandler
                0x0000000008004dd4                Default_Handler
                0x0000000008004dd4                CEC_IRQHandler
                0x0000000008004dd4                TIM14_IRQHandler
                0x0000000008004dd4                TIM15_IRQHandler
                0x0000000008004dd4                TIM3_TIM4_IRQHandler
                0x0000000008004dd4                EXTI0_1_IRQHandler
                0x0000000008004dd4                SPI2_3_IRQHandler
                0x0000000008004dd4                TIM6_DAC_LPTIM1_IRQHandler
                0x0000000008004dd4                WWDG_IRQHandler
                0x0000000008004dd4                TIM2_IRQHandler
                0x0000000008004dd4                FLASH_IRQHandler
                0x0000000008004dd4                USART1_IRQHandler
 *fill*         0x0000000008004dd6        0x2 
 .text.HAL_Init
                0x0000000008004dd8       0x40 ./Drivers/STM32G0xx_HAL_Driver/Src/stm32g0xx_hal.o
                0x0000000008004dd8                HAL_Init
 .text.HAL_InitTick
                0x0000000008004e18       0x94 ./Drivers/STM32G0xx_HAL_Driver/Src/stm32g0xx_hal.o
                0x0000000008004e18                HAL_InitTick
 .text.HAL_IncTick
                0x0000000008004eac       0x24 ./Drivers/STM32G0xx_HAL_Driver/Src/stm32g0xx_hal.o
                0x0000000008004eac                HAL_IncTick
 .text.HAL_GetTick
                0x0000000008004ed0       0x14 ./Drivers/STM32G0xx_HAL_Driver/Src/stm32g0xx_hal.o
                0x0000000008004ed0                HAL_GetTick
 .text.HAL_Delay
                0x0000000008004ee4       0x48 ./Drivers/STM32G0xx_HAL_Driver/Src/stm32g0xx_hal.o
                0x0000000008004ee4                HAL_Delay
 .text.__NVIC_EnableIRQ
                0x0000000008004f2c       0x34 ./Drivers/STM32G0xx_HAL_Driver/Src/stm32g0xx_hal_cortex.o
 .text.__NVIC_SetPriority
                0x0000000008004f60       0xdc ./Drivers/STM32G0xx_HAL_Driver/Src/stm32g0xx_hal_cortex.o
 .text.SysTick_Config
                0x000000000800503c       0x48 ./Drivers/STM32G0xx_HAL_Driver/Src/stm32g0xx_hal_cortex.o
 .text.HAL_NVIC_SetPriority
                0x0000000008005084       0x2a ./Drivers/STM32G0xx_HAL_Driver/Src/stm32g0xx_hal_cortex.o
                0x0000000008005084                HAL_NVIC_SetPriority
 .text.HAL_NVIC_EnableIRQ
                0x00000000080050ae       0x20 ./Drivers/STM32G0xx_HAL_Driver/Src/stm32g0xx_hal_cortex.o
                0x00000000080050ae                HAL_NVIC_EnableIRQ
 .text.HAL_SYSTICK_Config
                0x00000000080050ce       0x1a ./Drivers/STM32G0xx_HAL_Driver/Src/stm32g0xx_hal_cortex.o
                0x00000000080050ce                HAL_SYSTICK_Config
 .text.HAL_DMA_Init
                0x00000000080050e8      0x158 ./Drivers/STM32G0xx_HAL_Driver/Src/stm32g0xx_hal_dma.o
                0x00000000080050e8                HAL_DMA_Init
 .text.HAL_DMA_Start_IT
                0x0000000008005240      0x10c ./Drivers/STM32G0xx_HAL_Driver/Src/stm32g0xx_hal_dma.o
                0x0000000008005240                HAL_DMA_Start_IT
 .text.HAL_DMA_Abort_IT
                0x000000000800534c       0xd0 ./Drivers/STM32G0xx_HAL_Driver/Src/stm32g0xx_hal_dma.o
                0x000000000800534c                HAL_DMA_Abort_IT
 .text.HAL_DMA_IRQHandler
                0x000000000800541c      0x188 ./Drivers/STM32G0xx_HAL_Driver/Src/stm32g0xx_hal_dma.o
                0x000000000800541c                HAL_DMA_IRQHandler
 .text.DMA_SetConfig
                0x00000000080055a4       0x78 ./Drivers/STM32G0xx_HAL_Driver/Src/stm32g0xx_hal_dma.o
 .text.DMA_CalcDMAMUXChannelBaseAndMask
                0x000000000800561c       0x94 ./Drivers/STM32G0xx_HAL_Driver/Src/stm32g0xx_hal_dma.o
 .text.DMA_CalcDMAMUXRequestGenBaseAndMask
                0x00000000080056b0       0x48 ./Drivers/STM32G0xx_HAL_Driver/Src/stm32g0xx_hal_dma.o
 .text.HAL_FDCAN_Init
                0x00000000080056f8      0x2cc ./Drivers/STM32G0xx_HAL_Driver/Src/stm32g0xx_hal_fdcan.o
                0x00000000080056f8                HAL_FDCAN_Init
 .text.HAL_FDCAN_ConfigFilter
                0x00000000080059c4       0xba ./Drivers/STM32G0xx_HAL_Driver/Src/stm32g0xx_hal_fdcan.o
                0x00000000080059c4                HAL_FDCAN_ConfigFilter
 .text.HAL_FDCAN_Start
                0x0000000008005a7e       0x4c ./Drivers/STM32G0xx_HAL_Driver/Src/stm32g0xx_hal_fdcan.o
                0x0000000008005a7e                HAL_FDCAN_Start
 .text.HAL_FDCAN_AddMessageToTxFifoQ
                0x0000000008005aca       0x8a ./Drivers/STM32G0xx_HAL_Driver/Src/stm32g0xx_hal_fdcan.o
                0x0000000008005aca                HAL_FDCAN_AddMessageToTxFifoQ
 .text.HAL_FDCAN_GetRxMessage
                0x0000000008005b54      0x1c4 ./Drivers/STM32G0xx_HAL_Driver/Src/stm32g0xx_hal_fdcan.o
                0x0000000008005b54                HAL_FDCAN_GetRxMessage
 .text.HAL_FDCAN_ActivateNotification
                0x0000000008005d18      0x1ac ./Drivers/STM32G0xx_HAL_Driver/Src/stm32g0xx_hal_fdcan.o
                0x0000000008005d18                HAL_FDCAN_ActivateNotification
 .text.HAL_FDCAN_IRQHandler
                0x0000000008005ec4      0x28e ./Drivers/STM32G0xx_HAL_Driver/Src/stm32g0xx_hal_fdcan.o
                0x0000000008005ec4                HAL_FDCAN_IRQHandler
 .text.HAL_FDCAN_TxEventFifoCallback
                0x0000000008006152       0x12 ./Drivers/STM32G0xx_HAL_Driver/Src/stm32g0xx_hal_fdcan.o
                0x0000000008006152                HAL_FDCAN_TxEventFifoCallback
 .text.HAL_FDCAN_RxFifo1Callback
                0x0000000008006164       0x12 ./Drivers/STM32G0xx_HAL_Driver/Src/stm32g0xx_hal_fdcan.o
                0x0000000008006164                HAL_FDCAN_RxFifo1Callback
 .text.HAL_FDCAN_TxFifoEmptyCallback
                0x0000000008006176       0x10 ./Drivers/STM32G0xx_HAL_Driver/Src/stm32g0xx_hal_fdcan.o
                0x0000000008006176                HAL_FDCAN_TxFifoEmptyCallback
 .text.HAL_FDCAN_TxBufferCompleteCallback
                0x0000000008006186       0x12 ./Drivers/STM32G0xx_HAL_Driver/Src/stm32g0xx_hal_fdcan.o
                0x0000000008006186                HAL_FDCAN_TxBufferCompleteCallback
 .text.HAL_FDCAN_TxBufferAbortCallback
                0x0000000008006198       0x12 ./Drivers/STM32G0xx_HAL_Driver/Src/stm32g0xx_hal_fdcan.o
                0x0000000008006198                HAL_FDCAN_TxBufferAbortCallback
 .text.HAL_FDCAN_TimestampWraparoundCallback
                0x00000000080061aa       0x10 ./Drivers/STM32G0xx_HAL_Driver/Src/stm32g0xx_hal_fdcan.o
                0x00000000080061aa                HAL_FDCAN_TimestampWraparoundCallback
 .text.HAL_FDCAN_TimeoutOccurredCallback
                0x00000000080061ba       0x10 ./Drivers/STM32G0xx_HAL_Driver/Src/stm32g0xx_hal_fdcan.o
                0x00000000080061ba                HAL_FDCAN_TimeoutOccurredCallback
 .text.HAL_FDCAN_HighPriorityMessageCallback
                0x00000000080061ca       0x10 ./Drivers/STM32G0xx_HAL_Driver/Src/stm32g0xx_hal_fdcan.o
                0x00000000080061ca                HAL_FDCAN_HighPriorityMessageCallback
 .text.HAL_FDCAN_ErrorCallback
                0x00000000080061da       0x10 ./Drivers/STM32G0xx_HAL_Driver/Src/stm32g0xx_hal_fdcan.o
                0x00000000080061da                HAL_FDCAN_ErrorCallback
 .text.HAL_FDCAN_ErrorStatusCallback
                0x00000000080061ea       0x12 ./Drivers/STM32G0xx_HAL_Driver/Src/stm32g0xx_hal_fdcan.o
                0x00000000080061ea                HAL_FDCAN_ErrorStatusCallback
 .text.FDCAN_CalcultateRamBlockAddresses
                0x00000000080061fc       0xd8 ./Drivers/STM32G0xx_HAL_Driver/Src/stm32g0xx_hal_fdcan.o
 .text.FDCAN_CopyMessageToRAM
                0x00000000080062d4       0xf8 ./Drivers/STM32G0xx_HAL_Driver/Src/stm32g0xx_hal_fdcan.o
 .text.HAL_GPIO_Init
                0x00000000080063cc      0x2d8 ./Drivers/STM32G0xx_HAL_Driver/Src/stm32g0xx_hal_gpio.o
                0x00000000080063cc                HAL_GPIO_Init
 .text.HAL_PWREx_ControlVoltageScaling
                0x00000000080066a4       0x80 ./Drivers/STM32G0xx_HAL_Driver/Src/stm32g0xx_hal_pwr_ex.o
                0x00000000080066a4                HAL_PWREx_ControlVoltageScaling
 .text.HAL_RCC_OscConfig
                0x0000000008006724      0x6c0 ./Drivers/STM32G0xx_HAL_Driver/Src/stm32g0xx_hal_rcc.o
                0x0000000008006724                HAL_RCC_OscConfig
 .text.HAL_RCC_ClockConfig
                0x0000000008006de4      0x210 ./Drivers/STM32G0xx_HAL_Driver/Src/stm32g0xx_hal_rcc.o
                0x0000000008006de4                HAL_RCC_ClockConfig
 .text.HAL_RCC_GetSysClockFreq
                0x0000000008006ff4      0x104 ./Drivers/STM32G0xx_HAL_Driver/Src/stm32g0xx_hal_rcc.o
                0x0000000008006ff4                HAL_RCC_GetSysClockFreq
 .text.HAL_RCCEx_PeriphCLKConfig
                0x00000000080070f8      0x478 ./Drivers/STM32G0xx_HAL_Driver/Src/stm32g0xx_hal_rcc_ex.o
                0x00000000080070f8                HAL_RCCEx_PeriphCLKConfig
 .text.HAL_TIM_Base_Init
                0x0000000008007570       0xb0 ./Drivers/STM32G0xx_HAL_Driver/Src/stm32g0xx_hal_tim.o
                0x0000000008007570                HAL_TIM_Base_Init
 .text.HAL_TIM_PWM_Init
                0x0000000008007620       0xb0 ./Drivers/STM32G0xx_HAL_Driver/Src/stm32g0xx_hal_tim.o
                0x0000000008007620                HAL_TIM_PWM_Init
 .text.HAL_TIM_PWM_MspInit
                0x00000000080076d0       0x10 ./Drivers/STM32G0xx_HAL_Driver/Src/stm32g0xx_hal_tim.o
                0x00000000080076d0                HAL_TIM_PWM_MspInit
 .text.HAL_TIM_PWM_Start_DMA
                0x00000000080076e0      0x40c ./Drivers/STM32G0xx_HAL_Driver/Src/stm32g0xx_hal_tim.o
                0x00000000080076e0                HAL_TIM_PWM_Start_DMA
 .text.HAL_TIM_PWM_Stop_DMA
                0x0000000008007aec      0x1e0 ./Drivers/STM32G0xx_HAL_Driver/Src/stm32g0xx_hal_tim.o
                0x0000000008007aec                HAL_TIM_PWM_Stop_DMA
 .text.HAL_TIM_IRQHandler
                0x0000000008007ccc      0x264 ./Drivers/STM32G0xx_HAL_Driver/Src/stm32g0xx_hal_tim.o
                0x0000000008007ccc                HAL_TIM_IRQHandler
 .text.HAL_TIM_PWM_ConfigChannel
                0x0000000008007f30      0x200 ./Drivers/STM32G0xx_HAL_Driver/Src/stm32g0xx_hal_tim.o
                0x0000000008007f30                HAL_TIM_PWM_ConfigChannel
 .text.HAL_TIM_ConfigClockSource
                0x0000000008008130      0x1ac ./Drivers/STM32G0xx_HAL_Driver/Src/stm32g0xx_hal_tim.o
                0x0000000008008130                HAL_TIM_ConfigClockSource
 .text.HAL_TIM_PeriodElapsedCallback
                0x00000000080082dc       0x10 ./Drivers/STM32G0xx_HAL_Driver/Src/stm32g0xx_hal_tim.o
                0x00000000080082dc                HAL_TIM_PeriodElapsedCallback
 .text.HAL_TIM_OC_DelayElapsedCallback
                0x00000000080082ec       0x10 ./Drivers/STM32G0xx_HAL_Driver/Src/stm32g0xx_hal_tim.o
                0x00000000080082ec                HAL_TIM_OC_DelayElapsedCallback
 .text.HAL_TIM_IC_CaptureCallback
                0x00000000080082fc       0x10 ./Drivers/STM32G0xx_HAL_Driver/Src/stm32g0xx_hal_tim.o
                0x00000000080082fc                HAL_TIM_IC_CaptureCallback
 .text.HAL_TIM_PWM_PulseFinishedHalfCpltCallback
                0x000000000800830c       0x10 ./Drivers/STM32G0xx_HAL_Driver/Src/stm32g0xx_hal_tim.o
                0x000000000800830c                HAL_TIM_PWM_PulseFinishedHalfCpltCallback
 .text.HAL_TIM_TriggerCallback
                0x000000000800831c       0x10 ./Drivers/STM32G0xx_HAL_Driver/Src/stm32g0xx_hal_tim.o
                0x000000000800831c                HAL_TIM_TriggerCallback
 .text.HAL_TIM_ErrorCallback
                0x000000000800832c       0x10 ./Drivers/STM32G0xx_HAL_Driver/Src/stm32g0xx_hal_tim.o
                0x000000000800832c                HAL_TIM_ErrorCallback
 .text.TIM_DMAError
                0x000000000800833c       0x94 ./Drivers/STM32G0xx_HAL_Driver/Src/stm32g0xx_hal_tim.o
                0x000000000800833c                TIM_DMAError
 .text.TIM_DMADelayPulseCplt
                0x00000000080083d0       0xaa ./Drivers/STM32G0xx_HAL_Driver/Src/stm32g0xx_hal_tim.o
 .text.TIM_DMADelayPulseHalfCplt
                0x000000000800847a       0x6a ./Drivers/STM32G0xx_HAL_Driver/Src/stm32g0xx_hal_tim.o
                0x000000000800847a                TIM_DMADelayPulseHalfCplt
 .text.TIM_Base_SetConfig
                0x00000000080084e4      0x114 ./Drivers/STM32G0xx_HAL_Driver/Src/stm32g0xx_hal_tim.o
                0x00000000080084e4                TIM_Base_SetConfig
 .text.TIM_OC1_SetConfig
                0x00000000080085f8      0x114 ./Drivers/STM32G0xx_HAL_Driver/Src/stm32g0xx_hal_tim.o
 .text.TIM_OC2_SetConfig
                0x000000000800870c      0x108 ./Drivers/STM32G0xx_HAL_Driver/Src/stm32g0xx_hal_tim.o
                0x000000000800870c                TIM_OC2_SetConfig
 .text.TIM_OC3_SetConfig
                0x0000000008008814      0x110 ./Drivers/STM32G0xx_HAL_Driver/Src/stm32g0xx_hal_tim.o
 .text.TIM_OC4_SetConfig
                0x0000000008008924       0xd4 ./Drivers/STM32G0xx_HAL_Driver/Src/stm32g0xx_hal_tim.o
 .text.TIM_OC5_SetConfig
                0x00000000080089f8       0xc0 ./Drivers/STM32G0xx_HAL_Driver/Src/stm32g0xx_hal_tim.o
 .text.TIM_OC6_SetConfig
                0x0000000008008ab8       0xc8 ./Drivers/STM32G0xx_HAL_Driver/Src/stm32g0xx_hal_tim.o
 .text.TIM_TI1_ConfigInputStage
                0x0000000008008b80       0x5c ./Drivers/STM32G0xx_HAL_Driver/Src/stm32g0xx_hal_tim.o
 .text.TIM_TI2_ConfigInputStage
                0x0000000008008bdc       0x64 ./Drivers/STM32G0xx_HAL_Driver/Src/stm32g0xx_hal_tim.o
 .text.TIM_ITRx_SetConfig
                0x0000000008008c40       0x38 ./Drivers/STM32G0xx_HAL_Driver/Src/stm32g0xx_hal_tim.o
 .text.TIM_ETR_SetConfig
                0x0000000008008c78       0x40 ./Drivers/STM32G0xx_HAL_Driver/Src/stm32g0xx_hal_tim.o
                0x0000000008008c78                TIM_ETR_SetConfig
 .text.TIM_CCxChannelCmd
                0x0000000008008cb8       0x46 ./Drivers/STM32G0xx_HAL_Driver/Src/stm32g0xx_hal_tim.o
                0x0000000008008cb8                TIM_CCxChannelCmd
 *fill*         0x0000000008008cfe        0x2 
 .text.HAL_TIMEx_MasterConfigSynchronization
                0x0000000008008d00       0xec ./Drivers/STM32G0xx_HAL_Driver/Src/stm32g0xx_hal_tim_ex.o
                0x0000000008008d00                HAL_TIMEx_MasterConfigSynchronization
 .text.HAL_TIMEx_ConfigBreakDeadTime
                0x0000000008008dec      0x14c ./Drivers/STM32G0xx_HAL_Driver/Src/stm32g0xx_hal_tim_ex.o
                0x0000000008008dec                HAL_TIMEx_ConfigBreakDeadTime
 .text.HAL_TIMEx_CommutCallback
                0x0000000008008f38       0x10 ./Drivers/STM32G0xx_HAL_Driver/Src/stm32g0xx_hal_tim_ex.o
                0x0000000008008f38                HAL_TIMEx_CommutCallback
 .text.HAL_TIMEx_BreakCallback
                0x0000000008008f48       0x10 ./Drivers/STM32G0xx_HAL_Driver/Src/stm32g0xx_hal_tim_ex.o
                0x0000000008008f48                HAL_TIMEx_BreakCallback
 .text.HAL_TIMEx_Break2Callback
                0x0000000008008f58       0x10 ./Drivers/STM32G0xx_HAL_Driver/Src/stm32g0xx_hal_tim_ex.o
                0x0000000008008f58                HAL_TIMEx_Break2Callback
 .text.__libc_init_array
                0x0000000008008f68       0x48 c:/st/stm32cubeide_1.11.0/stm32cubeide/plugins/com.st.stm32cube.ide.mcu.externaltools.gnu-tools-for-stm32.10.3-2021.10.win32_1.0.100.202210260954/tools/bin/../lib/gcc/arm-none-eabi/10.3.1/../../../../arm-none-eabi/lib/thumb/v6-m/nofp\libc_nano.a(lib_a-init.o)
                0x0000000008008f68                __libc_init_array
 .text.memset   0x0000000008008fb0       0x10 c:/st/stm32cubeide_1.11.0/stm32cubeide/plugins/com.st.stm32cube.ide.mcu.externaltools.gnu-tools-for-stm32.10.3-2021.10.win32_1.0.100.202210260954/tools/bin/../lib/gcc/arm-none-eabi/10.3.1/../../../../arm-none-eabi/lib/thumb/v6-m/nofp\libc_nano.a(lib_a-memset.o)
                0x0000000008008fb0                memset
 .text.tan      0x0000000008008fc0       0x54 c:/st/stm32cubeide_1.11.0/stm32cubeide/plugins/com.st.stm32cube.ide.mcu.externaltools.gnu-tools-for-stm32.10.3-2021.10.win32_1.0.100.202210260954/tools/bin/../lib/gcc/arm-none-eabi/10.3.1/../../../../arm-none-eabi/lib/thumb/v6-m/nofp\libm.a(lib_a-s_tan.o)
                0x0000000008008fc0                tan
 .text.__ieee754_rem_pio2
                0x0000000008009014      0x3e0 c:/st/stm32cubeide_1.11.0/stm32cubeide/plugins/com.st.stm32cube.ide.mcu.externaltools.gnu-tools-for-stm32.10.3-2021.10.win32_1.0.100.202210260954/tools/bin/../lib/gcc/arm-none-eabi/10.3.1/../../../../arm-none-eabi/lib/thumb/v6-m/nofp\libm.a(lib_a-e_rem_pio2.o)
                0x0000000008009014                __ieee754_rem_pio2
 .text.__kernel_rem_pio2
                0x00000000080093f4      0x6d4 c:/st/stm32cubeide_1.11.0/stm32cubeide/plugins/com.st.stm32cube.ide.mcu.externaltools.gnu-tools-for-stm32.10.3-2021.10.win32_1.0.100.202210260954/tools/bin/../lib/gcc/arm-none-eabi/10.3.1/../../../../arm-none-eabi/lib/thumb/v6-m/nofp\libm.a(lib_a-k_rem_pio2.o)
                0x00000000080093f4                __kernel_rem_pio2
 .text.__kernel_tan
                0x0000000008009ac8      0x3ec c:/st/stm32cubeide_1.11.0/stm32cubeide/plugins/com.st.stm32cube.ide.mcu.externaltools.gnu-tools-for-stm32.10.3-2021.10.win32_1.0.100.202210260954/tools/bin/../lib/gcc/arm-none-eabi/10.3.1/../../../../arm-none-eabi/lib/thumb/v6-m/nofp\libm.a(lib_a-k_tan.o)
                0x0000000008009ac8                __kernel_tan
 .text.fabs     0x0000000008009eb4        0x6 c:/st/stm32cubeide_1.11.0/stm32cubeide/plugins/com.st.stm32cube.ide.mcu.externaltools.gnu-tools-for-stm32.10.3-2021.10.win32_1.0.100.202210260954/tools/bin/../lib/gcc/arm-none-eabi/10.3.1/../../../../arm-none-eabi/lib/thumb/v6-m/nofp\libm.a(lib_a-s_fabs.o)
                0x0000000008009eb4                fabs
 *fill*         0x0000000008009eba        0x2 
 .text.floor    0x0000000008009ebc      0x114 c:/st/stm32cubeide_1.11.0/stm32cubeide/plugins/com.st.stm32cube.ide.mcu.externaltools.gnu-tools-for-stm32.10.3-2021.10.win32_1.0.100.202210260954/tools/bin/../lib/gcc/arm-none-eabi/10.3.1/../../../../arm-none-eabi/lib/thumb/v6-m/nofp\libm.a(lib_a-s_floor.o)
                0x0000000008009ebc                floor
 .text.scalbn   0x0000000008009fd0       0xe8 c:/st/stm32cubeide_1.11.0/stm32cubeide/plugins/com.st.stm32cube.ide.mcu.externaltools.gnu-tools-for-stm32.10.3-2021.10.win32_1.0.100.202210260954/tools/bin/../lib/gcc/arm-none-eabi/10.3.1/../../../../arm-none-eabi/lib/thumb/v6-m/nofp\libm.a(lib_a-s_scalbn.o)
                0x0000000008009fd0                scalbn
 *(.glue_7)
 .glue_7        0x000000000800a0b8        0x0 linker stubs
 *(.glue_7t)
 .glue_7t       0x000000000800a0b8        0x0 linker stubs
 *(.eh_frame)
 .eh_frame      0x000000000800a0b8        0x0 c:/st/stm32cubeide_1.11.0/stm32cubeide/plugins/com.st.stm32cube.ide.mcu.externaltools.gnu-tools-for-stm32.10.3-2021.10.win32_1.0.100.202210260954/tools/bin/../lib/gcc/arm-none-eabi/10.3.1/thumb/v6-m/nofp/crtbegin.o
 *(.init)
 .init          0x000000000800a0b8        0x4 c:/st/stm32cubeide_1.11.0/stm32cubeide/plugins/com.st.stm32cube.ide.mcu.externaltools.gnu-tools-for-stm32.10.3-2021.10.win32_1.0.100.202210260954/tools/bin/../lib/gcc/arm-none-eabi/10.3.1/thumb/v6-m/nofp/crti.o
                0x000000000800a0b8                _init
 .init          0x000000000800a0bc        0x8 c:/st/stm32cubeide_1.11.0/stm32cubeide/plugins/com.st.stm32cube.ide.mcu.externaltools.gnu-tools-for-stm32.10.3-2021.10.win32_1.0.100.202210260954/tools/bin/../lib/gcc/arm-none-eabi/10.3.1/thumb/v6-m/nofp/crtn.o
 *(.fini)
 .fini          0x000000000800a0c4        0x4 c:/st/stm32cubeide_1.11.0/stm32cubeide/plugins/com.st.stm32cube.ide.mcu.externaltools.gnu-tools-for-stm32.10.3-2021.10.win32_1.0.100.202210260954/tools/bin/../lib/gcc/arm-none-eabi/10.3.1/thumb/v6-m/nofp/crti.o
                0x000000000800a0c4                _fini
 .fini          0x000000000800a0c8        0x8 c:/st/stm32cubeide_1.11.0/stm32cubeide/plugins/com.st.stm32cube.ide.mcu.externaltools.gnu-tools-for-stm32.10.3-2021.10.win32_1.0.100.202210260954/tools/bin/../lib/gcc/arm-none-eabi/10.3.1/thumb/v6-m/nofp/crtn.o
                0x000000000800a0d0                . = ALIGN (0x4)
                0x000000000800a0d0                _etext = .

.vfp11_veneer   0x000000000800a0d0        0x0
 .vfp11_veneer  0x000000000800a0d0        0x0 linker stubs

.v4_bx          0x000000000800a0d0        0x0
 .v4_bx         0x000000000800a0d0        0x0 linker stubs

.iplt           0x000000000800a0d0        0x0
 .iplt          0x000000000800a0d0        0x0 c:/st/stm32cubeide_1.11.0/stm32cubeide/plugins/com.st.stm32cube.ide.mcu.externaltools.gnu-tools-for-stm32.10.3-2021.10.win32_1.0.100.202210260954/tools/bin/../lib/gcc/arm-none-eabi/10.3.1/thumb/v6-m/nofp/crtbegin.o

.rodata         0x000000000800a0d0      0x3f0
                0x000000000800a0d0                . = ALIGN (0x4)
 *(.rodata)
 .rodata        0x000000000800a0d0       0x80 c:/st/stm32cubeide_1.11.0/stm32cubeide/plugins/com.st.stm32cube.ide.mcu.externaltools.gnu-tools-for-stm32.10.3-2021.10.win32_1.0.100.202210260954/tools/bin/../lib/gcc/arm-none-eabi/10.3.1/thumb/v6-m/nofp\libgcc.a(divsf3.o)
 .rodata        0x000000000800a150       0x40 c:/st/stm32cubeide_1.11.0/stm32cubeide/plugins/com.st.stm32cube.ide.mcu.externaltools.gnu-tools-for-stm32.10.3-2021.10.win32_1.0.100.202210260954/tools/bin/../lib/gcc/arm-none-eabi/10.3.1/thumb/v6-m/nofp\libgcc.a(mulsf3.o)
 .rodata        0x000000000800a190       0x40 c:/st/stm32cubeide_1.11.0/stm32cubeide/plugins/com.st.stm32cube.ide.mcu.externaltools.gnu-tools-for-stm32.10.3-2021.10.win32_1.0.100.202210260954/tools/bin/../lib/gcc/arm-none-eabi/10.3.1/thumb/v6-m/nofp\libgcc.a(divdf3.o)
 .rodata        0x000000000800a1d0       0x40 c:/st/stm32cubeide_1.11.0/stm32cubeide/plugins/com.st.stm32cube.ide.mcu.externaltools.gnu-tools-for-stm32.10.3-2021.10.win32_1.0.100.202210260954/tools/bin/../lib/gcc/arm-none-eabi/10.3.1/thumb/v6-m/nofp\libgcc.a(muldf3.o)
 *(.rodata*)
 .rodata.main   0x000000000800a210       0x30 ./Core/Src/main.o
 .rodata.AHBPrescTable
                0x000000000800a240       0x40 ./Core/Src/system_stm32g0xx.o
                0x000000000800a240                AHBPrescTable
 .rodata.DLCtoBytes
                0x000000000800a280       0x10 ./Drivers/STM32G0xx_HAL_Driver/Src/stm32g0xx_hal_fdcan.o
 .rodata.HAL_TIM_PWM_ConfigChannel
                0x000000000800a290       0x54 ./Drivers/STM32G0xx_HAL_Driver/Src/stm32g0xx_hal_tim.o
 .rodata.npio2_hw
                0x000000000800a2e4       0x80 c:/st/stm32cubeide_1.11.0/stm32cubeide/plugins/com.st.stm32cube.ide.mcu.externaltools.gnu-tools-for-stm32.10.3-2021.10.win32_1.0.100.202210260954/tools/bin/../lib/gcc/arm-none-eabi/10.3.1/../../../../arm-none-eabi/lib/thumb/v6-m/nofp\libm.a(lib_a-e_rem_pio2.o)
 .rodata.two_over_pi
                0x000000000800a364      0x108 c:/st/stm32cubeide_1.11.0/stm32cubeide/plugins/com.st.stm32cube.ide.mcu.externaltools.gnu-tools-for-stm32.10.3-2021.10.win32_1.0.100.202210260954/tools/bin/../lib/gcc/arm-none-eabi/10.3.1/../../../../arm-none-eabi/lib/thumb/v6-m/nofp\libm.a(lib_a-e_rem_pio2.o)
 *fill*         0x000000000800a46c        0x4 
 .rodata.PIo2   0x000000000800a470       0x40 c:/st/stm32cubeide_1.11.0/stm32cubeide/plugins/com.st.stm32cube.ide.mcu.externaltools.gnu-tools-for-stm32.10.3-2021.10.win32_1.0.100.202210260954/tools/bin/../lib/gcc/arm-none-eabi/10.3.1/../../../../arm-none-eabi/lib/thumb/v6-m/nofp\libm.a(lib_a-k_rem_pio2.o)
 .rodata.init_jk
                0x000000000800a4b0       0x10 c:/st/stm32cubeide_1.11.0/stm32cubeide/plugins/com.st.stm32cube.ide.mcu.externaltools.gnu-tools-for-stm32.10.3-2021.10.win32_1.0.100.202210260954/tools/bin/../lib/gcc/arm-none-eabi/10.3.1/../../../../arm-none-eabi/lib/thumb/v6-m/nofp\libm.a(lib_a-k_rem_pio2.o)
                0x000000000800a4c0                . = ALIGN (0x4)

.rel.dyn        0x000000000800a4c0        0x0
 .rel.iplt      0x000000000800a4c0        0x0 c:/st/stm32cubeide_1.11.0/stm32cubeide/plugins/com.st.stm32cube.ide.mcu.externaltools.gnu-tools-for-stm32.10.3-2021.10.win32_1.0.100.202210260954/tools/bin/../lib/gcc/arm-none-eabi/10.3.1/thumb/v6-m/nofp/crtbegin.o

.ARM.extab      0x000000000800a4c0        0x0
                0x000000000800a4c0                . = ALIGN (0x4)
 *(.ARM.extab* .gnu.linkonce.armextab.*)
                0x000000000800a4c0                . = ALIGN (0x4)

.ARM            0x000000000800a4c0        0x0
                0x000000000800a4c0                . = ALIGN (0x4)
                0x000000000800a4c0                __exidx_start = .
 *(.ARM.exidx*)
                0x000000000800a4c0                __exidx_end = .
                0x000000000800a4c0                . = ALIGN (0x4)

.preinit_array  0x000000000800a4c0        0x0
                0x000000000800a4c0                . = ALIGN (0x4)
                0x000000000800a4c0                PROVIDE (__preinit_array_start = .)
 *(.preinit_array*)
                0x000000000800a4c0                PROVIDE (__preinit_array_end = .)
                0x000000000800a4c0                . = ALIGN (0x4)

.init_array     0x000000000800a4c0        0x4
                0x000000000800a4c0                . = ALIGN (0x4)
                0x000000000800a4c0                PROVIDE (__init_array_start = .)
 *(SORT_BY_NAME(.init_array.*))
 *(.init_array*)
 .init_array    0x000000000800a4c0        0x4 c:/st/stm32cubeide_1.11.0/stm32cubeide/plugins/com.st.stm32cube.ide.mcu.externaltools.gnu-tools-for-stm32.10.3-2021.10.win32_1.0.100.202210260954/tools/bin/../lib/gcc/arm-none-eabi/10.3.1/thumb/v6-m/nofp/crtbegin.o
                0x000000000800a4c4                PROVIDE (__init_array_end = .)
                0x000000000800a4c4                . = ALIGN (0x4)

.fini_array     0x000000000800a4c4        0x4
                0x000000000800a4c4                . = ALIGN (0x4)
                [!provide]                        PROVIDE (__fini_array_start = .)
 *(SORT_BY_NAME(.fini_array.*))
 *(.fini_array*)
 .fini_array    0x000000000800a4c4        0x4 c:/st/stm32cubeide_1.11.0/stm32cubeide/plugins/com.st.stm32cube.ide.mcu.externaltools.gnu-tools-for-stm32.10.3-2021.10.win32_1.0.100.202210260954/tools/bin/../lib/gcc/arm-none-eabi/10.3.1/thumb/v6-m/nofp/crtbegin.o
                [!provide]                        PROVIDE (__fini_array_end = .)
                0x000000000800a4c8                . = ALIGN (0x4)
                0x000000000800a4c8                _sidata = LOADADDR (.data)

.data           0x0000000020000000       0x14 load address 0x000000000800a4c8
                0x0000000020000000                . = ALIGN (0x4)
                0x0000000020000000                _sdata = .
 *(.data)
 *(.data*)
 .data.Vset     0x0000000020000000        0x4 ./Core/Src/CANbus.o
                0x0000000020000000                Vset
 .data.Aset     0x0000000020000004        0x4 ./Core/Src/CANbus.o
                0x0000000020000004                Aset
 .data.SystemCoreClock
                0x0000000020000008        0x4 ./Core/Src/system_stm32g0xx.o
                0x0000000020000008                SystemCoreClock
 .data.uwTickPrio
                0x000000002000000c        0x4 ./Drivers/STM32G0xx_HAL_Driver/Src/stm32g0xx_hal.o
                0x000000002000000c                uwTickPrio
 .data.uwTickFreq
                0x0000000020000010        0x1 ./Drivers/STM32G0xx_HAL_Driver/Src/stm32g0xx_hal.o
                0x0000000020000010                uwTickFreq
 *(.RamFunc)
 *(.RamFunc*)
                0x0000000020000014                . = ALIGN (0x4)
 *fill*         0x0000000020000011        0x3 
                0x0000000020000014                _edata = .

.igot.plt       0x0000000020000014        0x0 load address 0x000000000800a4dc
 .igot.plt      0x0000000020000014        0x0 c:/st/stm32cubeide_1.11.0/stm32cubeide/plugins/com.st.stm32cube.ide.mcu.externaltools.gnu-tools-for-stm32.10.3-2021.10.win32_1.0.100.202210260954/tools/bin/../lib/gcc/arm-none-eabi/10.3.1/thumb/v6-m/nofp/crtbegin.o
                0x0000000020000014                . = ALIGN (0x4)

.bss            0x0000000020000014      0x958 load address 0x000000000800a4dc
                0x0000000020000014                _sbss = .
                0x0000000020000014                __bss_start__ = _sbss
 *(.bss)
 .bss           0x0000000020000014       0x1c c:/st/stm32cubeide_1.11.0/stm32cubeide/plugins/com.st.stm32cube.ide.mcu.externaltools.gnu-tools-for-stm32.10.3-2021.10.win32_1.0.100.202210260954/tools/bin/../lib/gcc/arm-none-eabi/10.3.1/thumb/v6-m/nofp/crtbegin.o
 *(.bss*)
 .bss.set_voltage
                0x0000000020000030        0x4 ./Core/Src/CANbus.o
                0x0000000020000030                set_voltage
 .bss.set_arus  0x0000000020000034        0x4 ./Core/Src/CANbus.o
                0x0000000020000034                set_arus
 .bss.sFilterConfig
                0x0000000020000038       0x18 ./Core/Src/main.o
                0x0000000020000038                sFilterConfig
 .bss.sFilterConfig2
                0x0000000020000050       0x18 ./Core/Src/main.o
                0x0000000020000050                sFilterConfig2
 .bss.RxHeader  0x0000000020000068       0x28 ./Core/Src/main.o
                0x0000000020000068                RxHeader
 .bss.TxHeader  0x0000000020000090       0x24 ./Core/Src/main.o
                0x0000000020000090                TxHeader
 .bss.slot1     0x00000000200000b4      0x348 ./Core/Src/main.o
                0x00000000200000b4                slot1
 .bss.slot2     0x00000000200003fc      0x348 ./Core/Src/main.o
                0x00000000200003fc                slot2
 .bss.RxHeader2
                0x0000000020000744       0x28 ./Core/Src/main.o
                0x0000000020000744                RxHeader2
 .bss.TxHeader2
                0x000000002000076c       0x24 ./Core/Src/main.o
                0x000000002000076c                TxHeader2
 .bss.hfdcan1   0x0000000020000790       0x64 ./Core/Src/main.o
                0x0000000020000790                hfdcan1
 .bss.hfdcan2   0x00000000200007f4       0x64 ./Core/Src/main.o
                0x00000000200007f4                hfdcan2
 .bss.htim1     0x0000000020000858       0x4c ./Core/Src/main.o
                0x0000000020000858                htim1
 .bss.hdma_tim1_ch2
                0x00000000200008a4       0x60 ./Core/Src/main.o
                0x00000000200008a4                hdma_tim1_ch2
 .bss.hdma_tim1_ch3
                0x0000000020000904       0x60 ./Core/Src/main.o
                0x0000000020000904                hdma_tim1_ch3
 .bss.HAL_RCC_FDCAN_CLK_ENABLED
                0x0000000020000964        0x4 ./Core/Src/stm32g0xx_hal_msp.o
 .bss.uwTick    0x0000000020000968        0x4 ./Drivers/STM32G0xx_HAL_Driver/Src/stm32g0xx_hal.o
                0x0000000020000968                uwTick
 *(COMMON)
                0x000000002000096c                . = ALIGN (0x4)
                0x000000002000096c                _ebss = .
                0x000000002000096c                __bss_end__ = _ebss

._user_heap_stack
                0x000000002000096c      0x604 load address 0x000000000800a4dc
                0x0000000020000970                . = ALIGN (0x8)
 *fill*         0x000000002000096c        0x4 
                [!provide]                        PROVIDE (end = .)
                0x0000000020000970                PROVIDE (_end = .)
                0x0000000020000b70                . = (. + _Min_Heap_Size)
 *fill*         0x0000000020000970      0x200 
                0x0000000020000f70                . = (. + _Min_Stack_Size)
 *fill*         0x0000000020000b70      0x400 
                0x0000000020000f70                . = ALIGN (0x8)

/DISCARD/
 libc.a(*)
 libm.a(*)
 libgcc.a(*)

.ARM.attributes
                0x0000000000000000       0x28
 *(.ARM.attributes)
 .ARM.attributes
                0x0000000000000000       0x1e c:/st/stm32cubeide_1.11.0/stm32cubeide/plugins/com.st.stm32cube.ide.mcu.externaltools.gnu-tools-for-stm32.10.3-2021.10.win32_1.0.100.202210260954/tools/bin/../lib/gcc/arm-none-eabi/10.3.1/thumb/v6-m/nofp/crti.o
 .ARM.attributes
                0x000000000000001e       0x2c c:/st/stm32cubeide_1.11.0/stm32cubeide/plugins/com.st.stm32cube.ide.mcu.externaltools.gnu-tools-for-stm32.10.3-2021.10.win32_1.0.100.202210260954/tools/bin/../lib/gcc/arm-none-eabi/10.3.1/thumb/v6-m/nofp/crtbegin.o
 .ARM.attributes
                0x000000000000004a       0x2c ./Core/Src/CANbus.o
 .ARM.attributes
                0x0000000000000076       0x2c ./Core/Src/main.o
 .ARM.attributes
                0x00000000000000a2       0x2c ./Core/Src/mode.o
 .ARM.attributes
                0x00000000000000ce       0x2c ./Core/Src/stm32g0xx_hal_msp.o
 .ARM.attributes
                0x00000000000000fa       0x2c ./Core/Src/stm32g0xx_it.o
 .ARM.attributes
                0x0000000000000126       0x2c ./Core/Src/system_stm32g0xx.o
 .ARM.attributes
                0x0000000000000152       0x2c ./Core/Src/ws2812.o
 .ARM.attributes
                0x000000000000017e       0x22 ./Core/Startup/startup_stm32g0b1kbtx.o
 .ARM.attributes
                0x00000000000001a0       0x2c ./Drivers/STM32G0xx_HAL_Driver/Src/stm32g0xx_hal.o
 .ARM.attributes
                0x00000000000001cc       0x2c ./Drivers/STM32G0xx_HAL_Driver/Src/stm32g0xx_hal_cortex.o
 .ARM.attributes
                0x00000000000001f8       0x2c ./Drivers/STM32G0xx_HAL_Driver/Src/stm32g0xx_hal_dma.o
 .ARM.attributes
                0x0000000000000224       0x2c ./Drivers/STM32G0xx_HAL_Driver/Src/stm32g0xx_hal_fdcan.o
 .ARM.attributes
                0x0000000000000250       0x2c ./Drivers/STM32G0xx_HAL_Driver/Src/stm32g0xx_hal_gpio.o
 .ARM.attributes
                0x000000000000027c       0x2c ./Drivers/STM32G0xx_HAL_Driver/Src/stm32g0xx_hal_pwr_ex.o
 .ARM.attributes
                0x00000000000002a8       0x2c ./Drivers/STM32G0xx_HAL_Driver/Src/stm32g0xx_hal_rcc.o
 .ARM.attributes
                0x00000000000002d4       0x2c ./Drivers/STM32G0xx_HAL_Driver/Src/stm32g0xx_hal_rcc_ex.o
 .ARM.attributes
                0x0000000000000300       0x2c ./Drivers/STM32G0xx_HAL_Driver/Src/stm32g0xx_hal_tim.o
 .ARM.attributes
                0x000000000000032c       0x2c ./Drivers/STM32G0xx_HAL_Driver/Src/stm32g0xx_hal_tim_ex.o
 .ARM.attributes
                0x0000000000000358       0x2c c:/st/stm32cubeide_1.11.0/stm32cubeide/plugins/com.st.stm32cube.ide.mcu.externaltools.gnu-tools-for-stm32.10.3-2021.10.win32_1.0.100.202210260954/tools/bin/../lib/gcc/arm-none-eabi/10.3.1/../../../../arm-none-eabi/lib/thumb/v6-m/nofp\libc_nano.a(lib_a-init.o)
 .ARM.attributes
                0x0000000000000384       0x2c c:/st/stm32cubeide_1.11.0/stm32cubeide/plugins/com.st.stm32cube.ide.mcu.externaltools.gnu-tools-for-stm32.10.3-2021.10.win32_1.0.100.202210260954/tools/bin/../lib/gcc/arm-none-eabi/10.3.1/../../../../arm-none-eabi/lib/thumb/v6-m/nofp\libc_nano.a(lib_a-memset.o)
 .ARM.attributes
                0x00000000000003b0       0x2c c:/st/stm32cubeide_1.11.0/stm32cubeide/plugins/com.st.stm32cube.ide.mcu.externaltools.gnu-tools-for-stm32.10.3-2021.10.win32_1.0.100.202210260954/tools/bin/../lib/gcc/arm-none-eabi/10.3.1/../../../../arm-none-eabi/lib/thumb/v6-m/nofp\libm.a(lib_a-s_tan.o)
 .ARM.attributes
                0x00000000000003dc       0x2c c:/st/stm32cubeide_1.11.0/stm32cubeide/plugins/com.st.stm32cube.ide.mcu.externaltools.gnu-tools-for-stm32.10.3-2021.10.win32_1.0.100.202210260954/tools/bin/../lib/gcc/arm-none-eabi/10.3.1/../../../../arm-none-eabi/lib/thumb/v6-m/nofp\libm.a(lib_a-e_rem_pio2.o)
 .ARM.attributes
                0x0000000000000408       0x2c c:/st/stm32cubeide_1.11.0/stm32cubeide/plugins/com.st.stm32cube.ide.mcu.externaltools.gnu-tools-for-stm32.10.3-2021.10.win32_1.0.100.202210260954/tools/bin/../lib/gcc/arm-none-eabi/10.3.1/../../../../arm-none-eabi/lib/thumb/v6-m/nofp\libm.a(lib_a-k_rem_pio2.o)
 .ARM.attributes
                0x0000000000000434       0x2c c:/st/stm32cubeide_1.11.0/stm32cubeide/plugins/com.st.stm32cube.ide.mcu.externaltools.gnu-tools-for-stm32.10.3-2021.10.win32_1.0.100.202210260954/tools/bin/../lib/gcc/arm-none-eabi/10.3.1/../../../../arm-none-eabi/lib/thumb/v6-m/nofp\libm.a(lib_a-k_tan.o)
 .ARM.attributes
                0x0000000000000460       0x2c c:/st/stm32cubeide_1.11.0/stm32cubeide/plugins/com.st.stm32cube.ide.mcu.externaltools.gnu-tools-for-stm32.10.3-2021.10.win32_1.0.100.202210260954/tools/bin/../lib/gcc/arm-none-eabi/10.3.1/../../../../arm-none-eabi/lib/thumb/v6-m/nofp\libm.a(lib_a-s_fabs.o)
 .ARM.attributes
                0x000000000000048c       0x2c c:/st/stm32cubeide_1.11.0/stm32cubeide/plugins/com.st.stm32cube.ide.mcu.externaltools.gnu-tools-for-stm32.10.3-2021.10.win32_1.0.100.202210260954/tools/bin/../lib/gcc/arm-none-eabi/10.3.1/../../../../arm-none-eabi/lib/thumb/v6-m/nofp\libm.a(lib_a-s_floor.o)
 .ARM.attributes
                0x00000000000004b8       0x2c c:/st/stm32cubeide_1.11.0/stm32cubeide/plugins/com.st.stm32cube.ide.mcu.externaltools.gnu-tools-for-stm32.10.3-2021.10.win32_1.0.100.202210260954/tools/bin/../lib/gcc/arm-none-eabi/10.3.1/../../../../arm-none-eabi/lib/thumb/v6-m/nofp\libm.a(lib_a-s_scalbn.o)
 .ARM.attributes
                0x00000000000004e4       0x1e c:/st/stm32cubeide_1.11.0/stm32cubeide/plugins/com.st.stm32cube.ide.mcu.externaltools.gnu-tools-for-stm32.10.3-2021.10.win32_1.0.100.202210260954/tools/bin/../lib/gcc/arm-none-eabi/10.3.1/thumb/v6-m/nofp\libgcc.a(_udivsi3.o)
 .ARM.attributes
                0x0000000000000502       0x1e c:/st/stm32cubeide_1.11.0/stm32cubeide/plugins/com.st.stm32cube.ide.mcu.externaltools.gnu-tools-for-stm32.10.3-2021.10.win32_1.0.100.202210260954/tools/bin/../lib/gcc/arm-none-eabi/10.3.1/thumb/v6-m/nofp\libgcc.a(_divsi3.o)
 .ARM.attributes
                0x0000000000000520       0x1e c:/st/stm32cubeide_1.11.0/stm32cubeide/plugins/com.st.stm32cube.ide.mcu.externaltools.gnu-tools-for-stm32.10.3-2021.10.win32_1.0.100.202210260954/tools/bin/../lib/gcc/arm-none-eabi/10.3.1/thumb/v6-m/nofp\libgcc.a(_dvmd_tls.o)
 .ARM.attributes
                0x000000000000053e       0x1e c:/st/stm32cubeide_1.11.0/stm32cubeide/plugins/com.st.stm32cube.ide.mcu.externaltools.gnu-tools-for-stm32.10.3-2021.10.win32_1.0.100.202210260954/tools/bin/../lib/gcc/arm-none-eabi/10.3.1/thumb/v6-m/nofp\libgcc.a(_arm_cmpdf2.o)
 .ARM.attributes
                0x000000000000055c       0x1e c:/st/stm32cubeide_1.11.0/stm32cubeide/plugins/com.st.stm32cube.ide.mcu.externaltools.gnu-tools-for-stm32.10.3-2021.10.win32_1.0.100.202210260954/tools/bin/../lib/gcc/arm-none-eabi/10.3.1/thumb/v6-m/nofp\libgcc.a(_arm_cmpsf2.o)
 .ARM.attributes
                0x000000000000057a       0x2c c:/st/stm32cubeide_1.11.0/stm32cubeide/plugins/com.st.stm32cube.ide.mcu.externaltools.gnu-tools-for-stm32.10.3-2021.10.win32_1.0.100.202210260954/tools/bin/../lib/gcc/arm-none-eabi/10.3.1/thumb/v6-m/nofp\libgcc.a(_fixunssfsi.o)
 .ARM.attributes
                0x00000000000005a6       0x2c c:/st/stm32cubeide_1.11.0/stm32cubeide/plugins/com.st.stm32cube.ide.mcu.externaltools.gnu-tools-for-stm32.10.3-2021.10.win32_1.0.100.202210260954/tools/bin/../lib/gcc/arm-none-eabi/10.3.1/thumb/v6-m/nofp\libgcc.a(_fixunsdfsi.o)
 .ARM.attributes
                0x00000000000005d2       0x2c c:/st/stm32cubeide_1.11.0/stm32cubeide/plugins/com.st.stm32cube.ide.mcu.externaltools.gnu-tools-for-stm32.10.3-2021.10.win32_1.0.100.202210260954/tools/bin/../lib/gcc/arm-none-eabi/10.3.1/thumb/v6-m/nofp\libgcc.a(divsf3.o)
 .ARM.attributes
                0x00000000000005fe       0x2c c:/st/stm32cubeide_1.11.0/stm32cubeide/plugins/com.st.stm32cube.ide.mcu.externaltools.gnu-tools-for-stm32.10.3-2021.10.win32_1.0.100.202210260954/tools/bin/../lib/gcc/arm-none-eabi/10.3.1/thumb/v6-m/nofp\libgcc.a(eqsf2.o)
 .ARM.attributes
                0x000000000000062a       0x2c c:/st/stm32cubeide_1.11.0/stm32cubeide/plugins/com.st.stm32cube.ide.mcu.externaltools.gnu-tools-for-stm32.10.3-2021.10.win32_1.0.100.202210260954/tools/bin/../lib/gcc/arm-none-eabi/10.3.1/thumb/v6-m/nofp\libgcc.a(gesf2.o)
 .ARM.attributes
                0x0000000000000656       0x2c c:/st/stm32cubeide_1.11.0/stm32cubeide/plugins/com.st.stm32cube.ide.mcu.externaltools.gnu-tools-for-stm32.10.3-2021.10.win32_1.0.100.202210260954/tools/bin/../lib/gcc/arm-none-eabi/10.3.1/thumb/v6-m/nofp\libgcc.a(lesf2.o)
 .ARM.attributes
                0x0000000000000682       0x2c c:/st/stm32cubeide_1.11.0/stm32cubeide/plugins/com.st.stm32cube.ide.mcu.externaltools.gnu-tools-for-stm32.10.3-2021.10.win32_1.0.100.202210260954/tools/bin/../lib/gcc/arm-none-eabi/10.3.1/thumb/v6-m/nofp\libgcc.a(mulsf3.o)
 .ARM.attributes
                0x00000000000006ae       0x2c c:/st/stm32cubeide_1.11.0/stm32cubeide/plugins/com.st.stm32cube.ide.mcu.externaltools.gnu-tools-for-stm32.10.3-2021.10.win32_1.0.100.202210260954/tools/bin/../lib/gcc/arm-none-eabi/10.3.1/thumb/v6-m/nofp\libgcc.a(subsf3.o)
 .ARM.attributes
                0x00000000000006da       0x2c c:/st/stm32cubeide_1.11.0/stm32cubeide/plugins/com.st.stm32cube.ide.mcu.externaltools.gnu-tools-for-stm32.10.3-2021.10.win32_1.0.100.202210260954/tools/bin/../lib/gcc/arm-none-eabi/10.3.1/thumb/v6-m/nofp\libgcc.a(fixsfsi.o)
 .ARM.attributes
                0x0000000000000706       0x2c c:/st/stm32cubeide_1.11.0/stm32cubeide/plugins/com.st.stm32cube.ide.mcu.externaltools.gnu-tools-for-stm32.10.3-2021.10.win32_1.0.100.202210260954/tools/bin/../lib/gcc/arm-none-eabi/10.3.1/thumb/v6-m/nofp\libgcc.a(floatsisf.o)
 .ARM.attributes
                0x0000000000000732       0x2c c:/st/stm32cubeide_1.11.0/stm32cubeide/plugins/com.st.stm32cube.ide.mcu.externaltools.gnu-tools-for-stm32.10.3-2021.10.win32_1.0.100.202210260954/tools/bin/../lib/gcc/arm-none-eabi/10.3.1/thumb/v6-m/nofp\libgcc.a(adddf3.o)
 .ARM.attributes
                0x000000000000075e       0x2c c:/st/stm32cubeide_1.11.0/stm32cubeide/plugins/com.st.stm32cube.ide.mcu.externaltools.gnu-tools-for-stm32.10.3-2021.10.win32_1.0.100.202210260954/tools/bin/../lib/gcc/arm-none-eabi/10.3.1/thumb/v6-m/nofp\libgcc.a(divdf3.o)
 .ARM.attributes
                0x000000000000078a       0x2c c:/st/stm32cubeide_1.11.0/stm32cubeide/plugins/com.st.stm32cube.ide.mcu.externaltools.gnu-tools-for-stm32.10.3-2021.10.win32_1.0.100.202210260954/tools/bin/../lib/gcc/arm-none-eabi/10.3.1/thumb/v6-m/nofp\libgcc.a(eqdf2.o)
 .ARM.attributes
                0x00000000000007b6       0x2c c:/st/stm32cubeide_1.11.0/stm32cubeide/plugins/com.st.stm32cube.ide.mcu.externaltools.gnu-tools-for-stm32.10.3-2021.10.win32_1.0.100.202210260954/tools/bin/../lib/gcc/arm-none-eabi/10.3.1/thumb/v6-m/nofp\libgcc.a(gedf2.o)
 .ARM.attributes
                0x00000000000007e2       0x2c c:/st/stm32cubeide_1.11.0/stm32cubeide/plugins/com.st.stm32cube.ide.mcu.externaltools.gnu-tools-for-stm32.10.3-2021.10.win32_1.0.100.202210260954/tools/bin/../lib/gcc/arm-none-eabi/10.3.1/thumb/v6-m/nofp\libgcc.a(ledf2.o)
 .ARM.attributes
                0x000000000000080e       0x2c c:/st/stm32cubeide_1.11.0/stm32cubeide/plugins/com.st.stm32cube.ide.mcu.externaltools.gnu-tools-for-stm32.10.3-2021.10.win32_1.0.100.202210260954/tools/bin/../lib/gcc/arm-none-eabi/10.3.1/thumb/v6-m/nofp\libgcc.a(muldf3.o)
 .ARM.attributes
                0x000000000000083a       0x2c c:/st/stm32cubeide_1.11.0/stm32cubeide/plugins/com.st.stm32cube.ide.mcu.externaltools.gnu-tools-for-stm32.10.3-2021.10.win32_1.0.100.202210260954/tools/bin/../lib/gcc/arm-none-eabi/10.3.1/thumb/v6-m/nofp\libgcc.a(subdf3.o)
 .ARM.attributes
                0x0000000000000866       0x2c c:/st/stm32cubeide_1.11.0/stm32cubeide/plugins/com.st.stm32cube.ide.mcu.externaltools.gnu-tools-for-stm32.10.3-2021.10.win32_1.0.100.202210260954/tools/bin/../lib/gcc/arm-none-eabi/10.3.1/thumb/v6-m/nofp\libgcc.a(fixdfsi.o)
 .ARM.attributes
                0x0000000000000892       0x2c c:/st/stm32cubeide_1.11.0/stm32cubeide/plugins/com.st.stm32cube.ide.mcu.externaltools.gnu-tools-for-stm32.10.3-2021.10.win32_1.0.100.202210260954/tools/bin/../lib/gcc/arm-none-eabi/10.3.1/thumb/v6-m/nofp\libgcc.a(floatsidf.o)
 .ARM.attributes
                0x00000000000008be       0x2c c:/st/stm32cubeide_1.11.0/stm32cubeide/plugins/com.st.stm32cube.ide.mcu.externaltools.gnu-tools-for-stm32.10.3-2021.10.win32_1.0.100.202210260954/tools/bin/../lib/gcc/arm-none-eabi/10.3.1/thumb/v6-m/nofp\libgcc.a(extendsfdf2.o)
 .ARM.attributes
                0x00000000000008ea       0x2c c:/st/stm32cubeide_1.11.0/stm32cubeide/plugins/com.st.stm32cube.ide.mcu.externaltools.gnu-tools-for-stm32.10.3-2021.10.win32_1.0.100.202210260954/tools/bin/../lib/gcc/arm-none-eabi/10.3.1/thumb/v6-m/nofp\libgcc.a(truncdfsf2.o)
 .ARM.attributes
                0x0000000000000916       0x1e c:/st/stm32cubeide_1.11.0/stm32cubeide/plugins/com.st.stm32cube.ide.mcu.externaltools.gnu-tools-for-stm32.10.3-2021.10.win32_1.0.100.202210260954/tools/bin/../lib/gcc/arm-none-eabi/10.3.1/thumb/v6-m/nofp\libgcc.a(_clzsi2.o)
 .ARM.attributes
                0x0000000000000934       0x1e c:/st/stm32cubeide_1.11.0/stm32cubeide/plugins/com.st.stm32cube.ide.mcu.externaltools.gnu-tools-for-stm32.10.3-2021.10.win32_1.0.100.202210260954/tools/bin/../lib/gcc/arm-none-eabi/10.3.1/thumb/v6-m/nofp/crtn.o
OUTPUT(data_collector_integrated.elf elf32-littlearm)
LOAD linker stubs
LOAD c:/st/stm32cubeide_1.11.0/stm32cubeide/plugins/com.st.stm32cube.ide.mcu.externaltools.gnu-tools-for-stm32.10.3-2021.10.win32_1.0.100.202210260954/tools/bin/../lib/gcc/arm-none-eabi/10.3.1/../../../../arm-none-eabi/lib/thumb/v6-m/nofp\libc.a
LOAD c:/st/stm32cubeide_1.11.0/stm32cubeide/plugins/com.st.stm32cube.ide.mcu.externaltools.gnu-tools-for-stm32.10.3-2021.10.win32_1.0.100.202210260954/tools/bin/../lib/gcc/arm-none-eabi/10.3.1/../../../../arm-none-eabi/lib/thumb/v6-m/nofp\libm.a
LOAD c:/st/stm32cubeide_1.11.0/stm32cubeide/plugins/com.st.stm32cube.ide.mcu.externaltools.gnu-tools-for-stm32.10.3-2021.10.win32_1.0.100.202210260954/tools/bin/../lib/gcc/arm-none-eabi/10.3.1/thumb/v6-m/nofp\libgcc.a

.debug_info     0x0000000000000000    0x110b6
 .debug_info    0x0000000000000000      0xe89 ./Core/Src/CANbus.o
 .debug_info    0x0000000000000e89     0x1f06 ./Core/Src/main.o
 .debug_info    0x0000000000002d8f      0x67b ./Core/Src/mode.o
 .debug_info    0x000000000000340a     0x144f ./Core/Src/stm32g0xx_hal_msp.o
 .debug_info    0x0000000000004859      0xdd2 ./Core/Src/stm32g0xx_it.o
 .debug_info    0x000000000000562b      0x34d ./Core/Src/system_stm32g0xx.o
 .debug_info    0x0000000000005978     0x10ec ./Core/Src/ws2812.o
 .debug_info    0x0000000000006a64       0x22 ./Core/Startup/startup_stm32g0b1kbtx.o
 .debug_info    0x0000000000006a86      0xb4d ./Drivers/STM32G0xx_HAL_Driver/Src/stm32g0xx_hal.o
 .debug_info    0x00000000000075d3      0x90d ./Drivers/STM32G0xx_HAL_Driver/Src/stm32g0xx_hal_cortex.o
 .debug_info    0x0000000000007ee0      0x8f3 ./Drivers/STM32G0xx_HAL_Driver/Src/stm32g0xx_hal_dma.o
 .debug_info    0x00000000000087d3     0x19ba ./Drivers/STM32G0xx_HAL_Driver/Src/stm32g0xx_hal_fdcan.o
 .debug_info    0x000000000000a18d      0x647 ./Drivers/STM32G0xx_HAL_Driver/Src/stm32g0xx_hal_gpio.o
 .debug_info    0x000000000000a7d4      0x90c ./Drivers/STM32G0xx_HAL_Driver/Src/stm32g0xx_hal_pwr_ex.o
 .debug_info    0x000000000000b0e0      0xc08 ./Drivers/STM32G0xx_HAL_Driver/Src/stm32g0xx_hal_rcc.o
 .debug_info    0x000000000000bce8      0xaea ./Drivers/STM32G0xx_HAL_Driver/Src/stm32g0xx_hal_rcc_ex.o
 .debug_info    0x000000000000c7d2     0x2e70 ./Drivers/STM32G0xx_HAL_Driver/Src/stm32g0xx_hal_tim.o
 .debug_info    0x000000000000f642     0x1a74 ./Drivers/STM32G0xx_HAL_Driver/Src/stm32g0xx_hal_tim_ex.o

.debug_abbrev   0x0000000000000000     0x2550
 .debug_abbrev  0x0000000000000000      0x24b ./Core/Src/CANbus.o
 .debug_abbrev  0x000000000000024b      0x343 ./Core/Src/main.o
 .debug_abbrev  0x000000000000058e      0x168 ./Core/Src/mode.o
 .debug_abbrev  0x00000000000006f6      0x247 ./Core/Src/stm32g0xx_hal_msp.o
 .debug_abbrev  0x000000000000093d      0x1ad ./Core/Src/stm32g0xx_it.o
 .debug_abbrev  0x0000000000000aea      0x116 ./Core/Src/system_stm32g0xx.o
 .debug_abbrev  0x0000000000000c00      0x27e ./Core/Src/ws2812.o
 .debug_abbrev  0x0000000000000e7e       0x12 ./Core/Startup/startup_stm32g0b1kbtx.o
 .debug_abbrev  0x0000000000000e90      0x278 ./Drivers/STM32G0xx_HAL_Driver/Src/stm32g0xx_hal.o
 .debug_abbrev  0x0000000000001108      0x29f ./Drivers/STM32G0xx_HAL_Driver/Src/stm32g0xx_hal_cortex.o
 .debug_abbrev  0x00000000000013a7      0x20a ./Drivers/STM32G0xx_HAL_Driver/Src/stm32g0xx_hal_dma.o
 .debug_abbrev  0x00000000000015b1      0x1dc ./Drivers/STM32G0xx_HAL_Driver/Src/stm32g0xx_hal_fdcan.o
 .debug_abbrev  0x000000000000178d      0x1b9 ./Drivers/STM32G0xx_HAL_Driver/Src/stm32g0xx_hal_gpio.o
 .debug_abbrev  0x0000000000001946      0x232 ./Drivers/STM32G0xx_HAL_Driver/Src/stm32g0xx_hal_pwr_ex.o
 .debug_abbrev  0x0000000000001b78      0x2ae ./Drivers/STM32G0xx_HAL_Driver/Src/stm32g0xx_hal_rcc.o
 .debug_abbrev  0x0000000000001e26      0x234 ./Drivers/STM32G0xx_HAL_Driver/Src/stm32g0xx_hal_rcc_ex.o
 .debug_abbrev  0x000000000000205a      0x275 ./Drivers/STM32G0xx_HAL_Driver/Src/stm32g0xx_hal_tim.o
 .debug_abbrev  0x00000000000022cf      0x281 ./Drivers/STM32G0xx_HAL_Driver/Src/stm32g0xx_hal_tim_ex.o

.debug_aranges  0x0000000000000000      0xf28
 .debug_aranges
                0x0000000000000000       0x40 ./Core/Src/CANbus.o
 .debug_aranges
                0x0000000000000040       0x58 ./Core/Src/main.o
 .debug_aranges
                0x0000000000000098       0x50 ./Core/Src/mode.o
 .debug_aranges
                0x00000000000000e8       0x48 ./Core/Src/stm32g0xx_hal_msp.o
 .debug_aranges
                0x0000000000000130       0x70 ./Core/Src/stm32g0xx_it.o
 .debug_aranges
                0x00000000000001a0       0x28 ./Core/Src/system_stm32g0xx.o
 .debug_aranges
                0x00000000000001c8       0x70 ./Core/Src/ws2812.o
 .debug_aranges
                0x0000000000000238       0x28 ./Core/Startup/startup_stm32g0b1kbtx.o
 .debug_aranges
                0x0000000000000260      0x130 ./Drivers/STM32G0xx_HAL_Driver/Src/stm32g0xx_hal.o
 .debug_aranges
                0x0000000000000390       0xd8 ./Drivers/STM32G0xx_HAL_Driver/Src/stm32g0xx_hal_cortex.o
 .debug_aranges
                0x0000000000000468       0x90 ./Drivers/STM32G0xx_HAL_Driver/Src/stm32g0xx_hal_dma.o
 .debug_aranges
                0x00000000000004f8      0x208 ./Drivers/STM32G0xx_HAL_Driver/Src/stm32g0xx_hal_fdcan.o
 .debug_aranges
                0x0000000000000700       0x60 ./Drivers/STM32G0xx_HAL_Driver/Src/stm32g0xx_hal_gpio.o
 .debug_aranges
                0x0000000000000760      0x128 ./Drivers/STM32G0xx_HAL_Driver/Src/stm32g0xx_hal_pwr_ex.o
 .debug_aranges
                0x0000000000000888       0xa0 ./Drivers/STM32G0xx_HAL_Driver/Src/stm32g0xx_hal_rcc.o
 .debug_aranges
                0x0000000000000928       0x88 ./Drivers/STM32G0xx_HAL_Driver/Src/stm32g0xx_hal_rcc_ex.o
 .debug_aranges
                0x00000000000009b0      0x3e0 ./Drivers/STM32G0xx_HAL_Driver/Src/stm32g0xx_hal_tim.o
 .debug_aranges
                0x0000000000000d90      0x198 ./Drivers/STM32G0xx_HAL_Driver/Src/stm32g0xx_hal_tim_ex.o

.debug_ranges   0x0000000000000000      0xe10
 .debug_ranges  0x0000000000000000       0x30 ./Core/Src/CANbus.o
 .debug_ranges  0x0000000000000030       0x48 ./Core/Src/main.o
 .debug_ranges  0x0000000000000078       0x40 ./Core/Src/mode.o
 .debug_ranges  0x00000000000000b8       0x38 ./Core/Src/stm32g0xx_hal_msp.o
 .debug_ranges  0x00000000000000f0       0x60 ./Core/Src/stm32g0xx_it.o
 .debug_ranges  0x0000000000000150       0x18 ./Core/Src/system_stm32g0xx.o
 .debug_ranges  0x0000000000000168       0x60 ./Core/Src/ws2812.o
 .debug_ranges  0x00000000000001c8       0x20 ./Core/Startup/startup_stm32g0b1kbtx.o
 .debug_ranges  0x00000000000001e8      0x120 ./Drivers/STM32G0xx_HAL_Driver/Src/stm32g0xx_hal.o
 .debug_ranges  0x0000000000000308       0xc8 ./Drivers/STM32G0xx_HAL_Driver/Src/stm32g0xx_hal_cortex.o
 .debug_ranges  0x00000000000003d0       0x80 ./Drivers/STM32G0xx_HAL_Driver/Src/stm32g0xx_hal_dma.o
 .debug_ranges  0x0000000000000450      0x1f8 ./Drivers/STM32G0xx_HAL_Driver/Src/stm32g0xx_hal_fdcan.o
 .debug_ranges  0x0000000000000648       0x50 ./Drivers/STM32G0xx_HAL_Driver/Src/stm32g0xx_hal_gpio.o
 .debug_ranges  0x0000000000000698      0x118 ./Drivers/STM32G0xx_HAL_Driver/Src/stm32g0xx_hal_pwr_ex.o
 .debug_ranges  0x00000000000007b0       0x90 ./Drivers/STM32G0xx_HAL_Driver/Src/stm32g0xx_hal_rcc.o
 .debug_ranges  0x0000000000000840       0x78 ./Drivers/STM32G0xx_HAL_Driver/Src/stm32g0xx_hal_rcc_ex.o
 .debug_ranges  0x00000000000008b8      0x3d0 ./Drivers/STM32G0xx_HAL_Driver/Src/stm32g0xx_hal_tim.o
 .debug_ranges  0x0000000000000c88      0x188 ./Drivers/STM32G0xx_HAL_Driver/Src/stm32g0xx_hal_tim_ex.o

.debug_macro    0x0000000000000000    0x1d454
 .debug_macro   0x0000000000000000      0x3b2 ./Core/Src/CANbus.o
 .debug_macro   0x00000000000003b2      0xa4e ./Core/Src/CANbus.o
 .debug_macro   0x0000000000000e00       0x22 ./Core/Src/CANbus.o
 .debug_macro   0x0000000000000e22       0x4c ./Core/Src/CANbus.o
 .debug_macro   0x0000000000000e6e       0x18 ./Core/Src/CANbus.o
 .debug_macro   0x0000000000000e86       0x94 ./Core/Src/CANbus.o
 .debug_macro   0x0000000000000f1a       0x3c ./Core/Src/CANbus.o
 .debug_macro   0x0000000000000f56       0x34 ./Core/Src/CANbus.o
 .debug_macro   0x0000000000000f8a       0x16 ./Core/Src/CANbus.o
 .debug_macro   0x0000000000000fa0       0x57 ./Core/Src/CANbus.o
 .debug_macro   0x0000000000000ff7       0x97 ./Core/Src/CANbus.o
 .debug_macro   0x000000000000108e      0x341 ./Core/Src/CANbus.o
 .debug_macro   0x00000000000013cf       0xfd ./Core/Src/CANbus.o
 .debug_macro   0x00000000000014cc       0x10 ./Core/Src/CANbus.o
 .debug_macro   0x00000000000014dc       0x16 ./Core/Src/CANbus.o
 .debug_macro   0x00000000000014f2       0x43 ./Core/Src/CANbus.o
 .debug_macro   0x0000000000001535       0x34 ./Core/Src/CANbus.o
 .debug_macro   0x0000000000001569       0x10 ./Core/Src/CANbus.o
 .debug_macro   0x0000000000001579       0x58 ./Core/Src/CANbus.o
 .debug_macro   0x00000000000015d1       0x71 ./Core/Src/CANbus.o
 .debug_macro   0x0000000000001642       0x1c ./Core/Src/CANbus.o
 .debug_macro   0x000000000000165e      0x12a ./Core/Src/CANbus.o
 .debug_macro   0x0000000000001788       0x10 ./Core/Src/CANbus.o
 .debug_macro   0x0000000000001798       0x6a ./Core/Src/CANbus.o
 .debug_macro   0x0000000000001802       0x1c ./Core/Src/CANbus.o
 .debug_macro   0x000000000000181e       0x52 ./Core/Src/CANbus.o
 .debug_macro   0x0000000000001870       0x22 ./Core/Src/CANbus.o
 .debug_macro   0x0000000000001892       0x10 ./Core/Src/CANbus.o
 .debug_macro   0x00000000000018a2       0x52 ./Core/Src/CANbus.o
 .debug_macro   0x00000000000018f4       0xd5 ./Core/Src/CANbus.o
 .debug_macro   0x00000000000019c9       0x1c ./Core/Src/CANbus.o
 .debug_macro   0x00000000000019e5       0x3d ./Core/Src/CANbus.o
 .debug_macro   0x0000000000001a22       0x16 ./Core/Src/CANbus.o
 .debug_macro   0x0000000000001a38      0x145 ./Core/Src/CANbus.o
 .debug_macro   0x0000000000001b7d       0x22 ./Core/Src/CANbus.o
 .debug_macro   0x0000000000001b9f       0x16 ./Core/Src/CANbus.o
 .debug_macro   0x0000000000001bb5       0x35 ./Core/Src/CANbus.o
 .debug_macro   0x0000000000001bea       0x16 ./Core/Src/CANbus.o
 .debug_macro   0x0000000000001c00       0x29 ./Core/Src/CANbus.o
 .debug_macro   0x0000000000001c29       0x16 ./Core/Src/CANbus.o
 .debug_macro   0x0000000000001c3f       0x20 ./Core/Src/CANbus.o
 .debug_macro   0x0000000000001c5f      0x12a ./Core/Src/CANbus.o
 .debug_macro   0x0000000000001d89       0x2e ./Core/Src/CANbus.o
 .debug_macro   0x0000000000001db7       0x28 ./Core/Src/CANbus.o
 .debug_macro   0x0000000000001ddf      0x103 ./Core/Src/CANbus.o
 .debug_macro   0x0000000000001ee2      0x1df ./Core/Src/CANbus.o
 .debug_macro   0x00000000000020c1       0x1c ./Core/Src/CANbus.o
 .debug_macro   0x00000000000020dd       0x22 ./Core/Src/CANbus.o
 .debug_macro   0x00000000000020ff       0xd1 ./Core/Src/CANbus.o
 .debug_macro   0x00000000000021d0      0x4da ./Core/Src/CANbus.o
 .debug_macro   0x00000000000026aa      0x11f ./Core/Src/CANbus.o
 .debug_macro   0x00000000000027c9     0xf3bb ./Core/Src/CANbus.o
 .debug_macro   0x0000000000011b84       0x66 ./Core/Src/CANbus.o
 .debug_macro   0x0000000000011bea     0x34fd ./Core/Src/CANbus.o
 .debug_macro   0x00000000000150e7       0x56 ./Core/Src/CANbus.o
 .debug_macro   0x000000000001513d      0x72c ./Core/Src/CANbus.o
 .debug_macro   0x0000000000015869     0x1509 ./Core/Src/CANbus.o
 .debug_macro   0x0000000000016d72      0x535 ./Core/Src/CANbus.o
 .debug_macro   0x00000000000172a7      0x1cf ./Core/Src/CANbus.o
 .debug_macro   0x0000000000017476      0x25b ./Core/Src/CANbus.o
 .debug_macro   0x00000000000176d1      0x4f5 ./Core/Src/CANbus.o
 .debug_macro   0x0000000000017bc6      0x280 ./Core/Src/CANbus.o
 .debug_macro   0x0000000000017e46      0x417 ./Core/Src/CANbus.o
 .debug_macro   0x000000000001825d      0x1b2 ./Core/Src/CANbus.o
 .debug_macro   0x000000000001840f       0x43 ./Core/Src/CANbus.o
 .debug_macro   0x0000000000018452      0x1f1 ./Core/Src/CANbus.o
 .debug_macro   0x0000000000018643      0x1e4 ./Core/Src/CANbus.o
 .debug_macro   0x0000000000018827      0x3fa ./Core/Src/CANbus.o
 .debug_macro   0x0000000000018c21       0x28 ./Core/Src/CANbus.o
 .debug_macro   0x0000000000018c49      0x123 ./Core/Src/CANbus.o
 .debug_macro   0x0000000000018d6c      0x6bd ./Core/Src/CANbus.o
 .debug_macro   0x0000000000019429      0x145 ./Core/Src/CANbus.o
 .debug_macro   0x000000000001956e      0x30b ./Core/Src/CANbus.o
 .debug_macro   0x0000000000019879      0xade ./Core/Src/CANbus.o
 .debug_macro   0x000000000001a357      0x239 ./Core/Src/CANbus.o
 .debug_macro   0x000000000001a590      0x5df ./Core/Src/CANbus.o
 .debug_macro   0x000000000001ab6f       0x16 ./Core/Src/CANbus.o
 .debug_macro   0x000000000001ab85      0x40b ./Core/Src/main.o
 .debug_macro   0x000000000001af90       0x8e ./Core/Src/main.o
 .debug_macro   0x000000000001b01e       0x51 ./Core/Src/main.o
 .debug_macro   0x000000000001b06f      0x174 ./Core/Src/main.o
 .debug_macro   0x000000000001b1e3       0x5c ./Core/Src/main.o
 .debug_macro   0x000000000001b23f       0x52 ./Core/Src/main.o
 .debug_macro   0x000000000001b291      0x19b ./Core/Src/main.o
 .debug_macro   0x000000000001b42c      0x3b2 ./Core/Src/mode.o
 .debug_macro   0x000000000001b7de      0x1df ./Core/Src/stm32g0xx_hal_msp.o
 .debug_macro   0x000000000001b9bd      0x1e9 ./Core/Src/stm32g0xx_it.o
 .debug_macro   0x000000000001bba6      0x1d5 ./Core/Src/system_stm32g0xx.o
 .debug_macro   0x000000000001bd7b      0x2a6 ./Core/Src/ws2812.o
 .debug_macro   0x000000000001c021      0x1f9 ./Drivers/STM32G0xx_HAL_Driver/Src/stm32g0xx_hal.o
 .debug_macro   0x000000000001c21a      0x1d5 ./Drivers/STM32G0xx_HAL_Driver/Src/stm32g0xx_hal_cortex.o
 .debug_macro   0x000000000001c3ef      0x1d5 ./Drivers/STM32G0xx_HAL_Driver/Src/stm32g0xx_hal_dma.o
 .debug_macro   0x000000000001c5c4      0x2e7 ./Drivers/STM32G0xx_HAL_Driver/Src/stm32g0xx_hal_fdcan.o
 .debug_macro   0x000000000001c8ab      0x1dc ./Drivers/STM32G0xx_HAL_Driver/Src/stm32g0xx_hal_gpio.o
 .debug_macro   0x000000000001ca87      0x1ff ./Drivers/STM32G0xx_HAL_Driver/Src/stm32g0xx_hal_pwr_ex.o
 .debug_macro   0x000000000001cc86      0x229 ./Drivers/STM32G0xx_HAL_Driver/Src/stm32g0xx_hal_rcc.o
 .debug_macro   0x000000000001ceaf      0x1ed ./Drivers/STM32G0xx_HAL_Driver/Src/stm32g0xx_hal_rcc_ex.o
 .debug_macro   0x000000000001d09c      0x1dd ./Drivers/STM32G0xx_HAL_Driver/Src/stm32g0xx_hal_tim.o
 .debug_macro   0x000000000001d279      0x1db ./Drivers/STM32G0xx_HAL_Driver/Src/stm32g0xx_hal_tim_ex.o

.debug_line     0x0000000000000000    0x11767
 .debug_line    0x0000000000000000      0xec3 ./Core/Src/CANbus.o
 .debug_line    0x0000000000000ec3      0xc3d ./Core/Src/main.o
 .debug_line    0x0000000000001b00      0xbfe ./Core/Src/mode.o
 .debug_line    0x00000000000026fe      0x88b ./Core/Src/stm32g0xx_hal_msp.o
 .debug_line    0x0000000000002f89      0x7e3 ./Core/Src/stm32g0xx_it.o
 .debug_line    0x000000000000376c      0x75f ./Core/Src/system_stm32g0xx.o
 .debug_line    0x0000000000003ecb      0xc47 ./Core/Src/ws2812.o
 .debug_line    0x0000000000004b12       0x89 ./Core/Startup/startup_stm32g0b1kbtx.o
 .debug_line    0x0000000000004b9b      0xac5 ./Drivers/STM32G0xx_HAL_Driver/Src/stm32g0xx_hal.o
 .debug_line    0x0000000000005660      0xb16 ./Drivers/STM32G0xx_HAL_Driver/Src/stm32g0xx_hal_cortex.o
 .debug_line    0x0000000000006176      0xe2c ./Drivers/STM32G0xx_HAL_Driver/Src/stm32g0xx_hal_dma.o
 .debug_line    0x0000000000006fa2     0x1849 ./Drivers/STM32G0xx_HAL_Driver/Src/stm32g0xx_hal_fdcan.o
 .debug_line    0x00000000000087eb      0xb16 ./Drivers/STM32G0xx_HAL_Driver/Src/stm32g0xx_hal_gpio.o
 .debug_line    0x0000000000009301      0xb82 ./Drivers/STM32G0xx_HAL_Driver/Src/stm32g0xx_hal_pwr_ex.o
 .debug_line    0x0000000000009e83      0xf21 ./Drivers/STM32G0xx_HAL_Driver/Src/stm32g0xx_hal_rcc.o
 .debug_line    0x000000000000ada4     0x111a ./Drivers/STM32G0xx_HAL_Driver/Src/stm32g0xx_hal_rcc_ex.o
 .debug_line    0x000000000000bebe     0x3c39 ./Drivers/STM32G0xx_HAL_Driver/Src/stm32g0xx_hal_tim.o
 .debug_line    0x000000000000faf7     0x1c70 ./Drivers/STM32G0xx_HAL_Driver/Src/stm32g0xx_hal_tim_ex.o

.debug_str      0x0000000000000000    0xbb78c
 .debug_str     0x0000000000000000    0xb5fc9 ./Core/Src/CANbus.o
                                      0xb67c2 (size before relaxing)
 .debug_str     0x00000000000b5fc9     0x1665 ./Core/Src/main.o
                                      0xb7dc7 (size before relaxing)
 .debug_str     0x00000000000b762e       0x40 ./Core/Src/mode.o
                                      0xb61c9 (size before relaxing)
 .debug_str     0x00000000000b766e      0x317 ./Core/Src/stm32g0xx_hal_msp.o
                                      0xb2d07 (size before relaxing)
 .debug_str     0x00000000000b7985      0x159 ./Core/Src/stm32g0xx_it.o
                                      0xb27c8 (size before relaxing)
 .debug_str     0x00000000000b7ade       0x8e ./Core/Src/system_stm32g0xx.o
                                      0xb1e55 (size before relaxing)
 .debug_str     0x00000000000b7b6c       0xda ./Core/Src/ws2812.o
                                      0xb5fc5 (size before relaxing)
 .debug_str     0x00000000000b7c46       0x36 ./Core/Startup/startup_stm32g0b1kbtx.o
                                         0x6b (size before relaxing)
 .debug_str     0x00000000000b7c7c      0x5d6 ./Drivers/STM32G0xx_HAL_Driver/Src/stm32g0xx_hal.o
                                      0xb272e (size before relaxing)
 .debug_str     0x00000000000b8252      0x258 ./Drivers/STM32G0xx_HAL_Driver/Src/stm32g0xx_hal_cortex.o
                                      0xb232e (size before relaxing)
 .debug_str     0x00000000000b84aa      0x277 ./Drivers/STM32G0xx_HAL_Driver/Src/stm32g0xx_hal_dma.o
                                      0xb2305 (size before relaxing)
 .debug_str     0x00000000000b8721     0x1167 ./Drivers/STM32G0xx_HAL_Driver/Src/stm32g0xx_hal_fdcan.o
                                      0xb34ed (size before relaxing)
 .debug_str     0x00000000000b9888      0x1a0 ./Drivers/STM32G0xx_HAL_Driver/Src/stm32g0xx_hal_gpio.o
                                      0xb1fb8 (size before relaxing)
 .debug_str     0x00000000000b9a28      0x3f0 ./Drivers/STM32G0xx_HAL_Driver/Src/stm32g0xx_hal_pwr_ex.o
                                      0xb23d7 (size before relaxing)
 .debug_str     0x00000000000b9e18      0x3bc ./Drivers/STM32G0xx_HAL_Driver/Src/stm32g0xx_hal_rcc.o
                                      0xb2547 (size before relaxing)
 .debug_str     0x00000000000ba1d4      0x360 ./Drivers/STM32G0xx_HAL_Driver/Src/stm32g0xx_hal_rcc_ex.o
                                      0xb24b1 (size before relaxing)
 .debug_str     0x00000000000ba534      0xd52 ./Drivers/STM32G0xx_HAL_Driver/Src/stm32g0xx_hal_tim.o
                                      0xb33ae (size before relaxing)
 .debug_str     0x00000000000bb286      0x506 ./Drivers/STM32G0xx_HAL_Driver/Src/stm32g0xx_hal_tim_ex.o
                                      0xb2d4c (size before relaxing)

.comment        0x0000000000000000       0x50
 .comment       0x0000000000000000       0x50 ./Core/Src/CANbus.o
                                         0x51 (size before relaxing)
 .comment       0x0000000000000050       0x51 ./Core/Src/main.o
 .comment       0x0000000000000050       0x51 ./Core/Src/mode.o
 .comment       0x0000000000000050       0x51 ./Core/Src/stm32g0xx_hal_msp.o
 .comment       0x0000000000000050       0x51 ./Core/Src/stm32g0xx_it.o
 .comment       0x0000000000000050       0x51 ./Core/Src/system_stm32g0xx.o
 .comment       0x0000000000000050       0x51 ./Core/Src/ws2812.o
 .comment       0x0000000000000050       0x51 ./Drivers/STM32G0xx_HAL_Driver/Src/stm32g0xx_hal.o
 .comment       0x0000000000000050       0x51 ./Drivers/STM32G0xx_HAL_Driver/Src/stm32g0xx_hal_cortex.o
 .comment       0x0000000000000050       0x51 ./Drivers/STM32G0xx_HAL_Driver/Src/stm32g0xx_hal_dma.o
 .comment       0x0000000000000050       0x51 ./Drivers/STM32G0xx_HAL_Driver/Src/stm32g0xx_hal_fdcan.o
 .comment       0x0000000000000050       0x51 ./Drivers/STM32G0xx_HAL_Driver/Src/stm32g0xx_hal_gpio.o
 .comment       0x0000000000000050       0x51 ./Drivers/STM32G0xx_HAL_Driver/Src/stm32g0xx_hal_pwr_ex.o
 .comment       0x0000000000000050       0x51 ./Drivers/STM32G0xx_HAL_Driver/Src/stm32g0xx_hal_rcc.o
 .comment       0x0000000000000050       0x51 ./Drivers/STM32G0xx_HAL_Driver/Src/stm32g0xx_hal_rcc_ex.o
 .comment       0x0000000000000050       0x51 ./Drivers/STM32G0xx_HAL_Driver/Src/stm32g0xx_hal_tim.o
 .comment       0x0000000000000050       0x51 ./Drivers/STM32G0xx_HAL_Driver/Src/stm32g0xx_hal_tim_ex.o

.debug_frame    0x0000000000000000     0x3b64
 .debug_frame   0x0000000000000000       0xa0 ./Core/Src/CANbus.o
 .debug_frame   0x00000000000000a0      0x100 ./Core/Src/main.o
 .debug_frame   0x00000000000001a0       0xe4 ./Core/Src/mode.o
 .debug_frame   0x0000000000000284       0xd0 ./Core/Src/stm32g0xx_hal_msp.o
 .debug_frame   0x0000000000000354      0x144 ./Core/Src/stm32g0xx_it.o
 .debug_frame   0x0000000000000498       0x4c ./Core/Src/system_stm32g0xx.o
 .debug_frame   0x00000000000004e4      0x170 ./Core/Src/ws2812.o
 .debug_frame   0x0000000000000654      0x41c ./Drivers/STM32G0xx_HAL_Driver/Src/stm32g0xx_hal.o
 .debug_frame   0x0000000000000a70      0x2fc ./Drivers/STM32G0xx_HAL_Driver/Src/stm32g0xx_hal_cortex.o
 .debug_frame   0x0000000000000d6c      0x1f0 ./Drivers/STM32G0xx_HAL_Driver/Src/stm32g0xx_hal_dma.o
 .debug_frame   0x0000000000000f5c      0x7d0 ./Drivers/STM32G0xx_HAL_Driver/Src/stm32g0xx_hal_fdcan.o
 .debug_frame   0x000000000000172c      0x130 ./Drivers/STM32G0xx_HAL_Driver/Src/stm32g0xx_hal_gpio.o
 .debug_frame   0x000000000000185c      0x3f4 ./Drivers/STM32G0xx_HAL_Driver/Src/stm32g0xx_hal_pwr_ex.o
 .debug_frame   0x0000000000001c50      0x214 ./Drivers/STM32G0xx_HAL_Driver/Src/stm32g0xx_hal_rcc.o
 .debug_frame   0x0000000000001e64      0x1c0 ./Drivers/STM32G0xx_HAL_Driver/Src/stm32g0xx_hal_rcc_ex.o
 .debug_frame   0x0000000000002024      0xf40 ./Drivers/STM32G0xx_HAL_Driver/Src/stm32g0xx_hal_tim.o
 .debug_frame   0x0000000000002f64      0x620 ./Drivers/STM32G0xx_HAL_Driver/Src/stm32g0xx_hal_tim_ex.o
 .debug_frame   0x0000000000003584       0x2c c:/st/stm32cubeide_1.11.0/stm32cubeide/plugins/com.st.stm32cube.ide.mcu.externaltools.gnu-tools-for-stm32.10.3-2021.10.win32_1.0.100.202210260954/tools/bin/../lib/gcc/arm-none-eabi/10.3.1/../../../../arm-none-eabi/lib/thumb/v6-m/nofp\libc_nano.a(lib_a-init.o)
 .debug_frame   0x00000000000035b0       0x20 c:/st/stm32cubeide_1.11.0/stm32cubeide/plugins/com.st.stm32cube.ide.mcu.externaltools.gnu-tools-for-stm32.10.3-2021.10.win32_1.0.100.202210260954/tools/bin/../lib/gcc/arm-none-eabi/10.3.1/../../../../arm-none-eabi/lib/thumb/v6-m/nofp\libc_nano.a(lib_a-memset.o)
 .debug_frame   0x00000000000035d0       0x30 c:/st/stm32cubeide_1.11.0/stm32cubeide/plugins/com.st.stm32cube.ide.mcu.externaltools.gnu-tools-for-stm32.10.3-2021.10.win32_1.0.100.202210260954/tools/bin/../lib/gcc/arm-none-eabi/10.3.1/../../../../arm-none-eabi/lib/thumb/v6-m/nofp\libm.a(lib_a-s_tan.o)
 .debug_frame   0x0000000000003600       0x30 c:/st/stm32cubeide_1.11.0/stm32cubeide/plugins/com.st.stm32cube.ide.mcu.externaltools.gnu-tools-for-stm32.10.3-2021.10.win32_1.0.100.202210260954/tools/bin/../lib/gcc/arm-none-eabi/10.3.1/../../../../arm-none-eabi/lib/thumb/v6-m/nofp\libm.a(lib_a-e_rem_pio2.o)
 .debug_frame   0x0000000000003630       0x34 c:/st/stm32cubeide_1.11.0/stm32cubeide/plugins/com.st.stm32cube.ide.mcu.externaltools.gnu-tools-for-stm32.10.3-2021.10.win32_1.0.100.202210260954/tools/bin/../lib/gcc/arm-none-eabi/10.3.1/../../../../arm-none-eabi/lib/thumb/v6-m/nofp\libm.a(lib_a-k_rem_pio2.o)
 .debug_frame   0x0000000000003664       0x30 c:/st/stm32cubeide_1.11.0/stm32cubeide/plugins/com.st.stm32cube.ide.mcu.externaltools.gnu-tools-for-stm32.10.3-2021.10.win32_1.0.100.202210260954/tools/bin/../lib/gcc/arm-none-eabi/10.3.1/../../../../arm-none-eabi/lib/thumb/v6-m/nofp\libm.a(lib_a-k_tan.o)
 .debug_frame   0x0000000000003694       0x20 c:/st/stm32cubeide_1.11.0/stm32cubeide/plugins/com.st.stm32cube.ide.mcu.externaltools.gnu-tools-for-stm32.10.3-2021.10.win32_1.0.100.202210260954/tools/bin/../lib/gcc/arm-none-eabi/10.3.1/../../../../arm-none-eabi/lib/thumb/v6-m/nofp\libm.a(lib_a-s_fabs.o)
 .debug_frame   0x00000000000036b4       0x34 c:/st/stm32cubeide_1.11.0/stm32cubeide/plugins/com.st.stm32cube.ide.mcu.externaltools.gnu-tools-for-stm32.10.3-2021.10.win32_1.0.100.202210260954/tools/bin/../lib/gcc/arm-none-eabi/10.3.1/../../../../arm-none-eabi/lib/thumb/v6-m/nofp\libm.a(lib_a-s_floor.o)