../Core/Src/main.c:161:5:main	8	static
../Core/Src/main.c:349:6:SystemClock_Config	96	static
../Core/Src/main.c:396:13:MX_FDCAN1_Init	8	static
../Core/Src/main.c:439:13:MX_FDCAN2_Init	8	static
../Core/Src/main.c:482:13:MX_TIM1_Init	120	static
../Core/Src/main.c:569:13:MX_USART1_UART_Init	8	static
../Core/Src/main.c:615:13:MX_DMA_Init	16	static
../Core/Src/main.c:636:13:MX_GPIO_Init	48	static
../Core/Src/main.c:681:13:MX_RS485_Slave_Init	16	static
../Core/Src/main.c:701:12:UartRead	16	static
../Core/Src/main.c:707:12:UartWrite	16	static
../Core/Src/main.c:716:13:onEventReqReport	32	static
../Core/Src/main.c:753:13:onEventStartCharging	32	static
../Core/Src/main.c:764:13:onEventStopCharging	32	static
../Core/Src/main.c:774:13:onEventLock	32	static
../Core/Src/main.c:785:13:onEventUnlock	32	static
../Core/Src/main.c:800:6:Error_Handler	8	static,ignoring_inline_asm
