../Core/Src/main.c:161:5:main	8	static
../Core/Src/main.c:345:6:SystemClock_Config	96	static
../Core/Src/main.c:392:13:MX_FDCAN1_Init	8	static
../Core/Src/main.c:435:13:MX_FDCAN2_Init	8	static
../Core/Src/main.c:478:13:MX_TIM1_Init	120	static
../Core/Src/main.c:565:13:MX_USART1_UART_Init	8	static
../Core/Src/main.c:611:13:MX_DMA_Init	16	static
../Core/Src/main.c:632:13:MX_GPIO_Init	48	static
../Core/Src/main.c:674:13:MX_RS485_Slave_Init	16	static
../Core/Src/main.c:694:12:UartRead	16	static
../Core/Src/main.c:700:12:UartWrite	16	static
../Core/Src/main.c:709:13:onEventReqReport	32	static
../Core/Src/main.c:746:13:onEventStartCharging	32	static
../Core/Src/main.c:757:13:onEventStopCharging	32	static
../Core/Src/main.c:767:13:onEventLock	32	static
../Core/Src/main.c:778:13:onEventUnlock	32	static
../Core/Src/main.c:793:6:Error_Handler	8	static,ignoring_inline_asm
