../Core/Src/stm32g0xx_it.c:75:6:NMI_Handler	8	static
../Core/Src/stm32g0xx_it.c:90:6:HardFault_Handler	8	static
../Core/Src/stm32g0xx_it.c:105:6:SVC_Handler	8	static
../Core/Src/stm32g0xx_it.c:118:6:PendSV_Handler	8	static
../Core/Src/stm32g0xx_it.c:131:6:SysTick_Handler	8	static
../Core/Src/stm32g0xx_it.c:152:6:DMA1_Channel1_IRQHandler	8	static
../Core/Src/stm32g0xx_it.c:166:6:DMA1_Channel2_3_IRQHandler	8	static
../Core/Src/stm32g0xx_it.c:181:6:TIM1_BRK_UP_TRG_COM_IRQHandler	8	static
../Core/Src/stm32g0xx_it.c:195:6:TIM1_CC_IRQHandler	8	static
../Core/Src/stm32g0xx_it.c:209:6:TIM16_FDCAN_IT0_IRQHandler	8	static
../Core/Src/stm32g0xx_it.c:224:6:TIM17_FDCAN_IT1_IRQHandler	8	static
../Core/Src/stm32g0xx_it.c:239:6:USART1_IRQHandler	8	static
